Archive member included to satisfy reference by file (symbol)

/home/yml/mondrian/arm-gnu-toolchain-13.2.Rel1-x86_64-arm-none-eabi/bin/../lib/gcc/arm-none-eabi/13.2.1/../../../../arm-none-eabi/lib/thumb/v7e-m+fp/hard/libc_nano.a(libc_a-exit.o)
                              /home/yml/mondrian/arm-gnu-toolchain-13.2.Rel1-x86_64-arm-none-eabi/bin/../lib/gcc/arm-none-eabi/13.2.1/../../../../arm-none-eabi/lib/thumb/v7e-m+fp/hard/crt0.o (exit)
/home/yml/mondrian/arm-gnu-toolchain-13.2.Rel1-x86_64-arm-none-eabi/bin/../lib/gcc/arm-none-eabi/13.2.1/../../../../arm-none-eabi/lib/thumb/v7e-m+fp/hard/libc_nano.a(libc_a-init.o)
                              /home/yml/mondrian/arm-gnu-toolchain-13.2.Rel1-x86_64-arm-none-eabi/bin/../lib/gcc/arm-none-eabi/13.2.1/../../../../arm-none-eabi/lib/thumb/v7e-m+fp/hard/crt0.o (__libc_init_array)
/home/yml/mondrian/arm-gnu-toolchain-13.2.Rel1-x86_64-arm-none-eabi/bin/../lib/gcc/arm-none-eabi/13.2.1/../../../../arm-none-eabi/lib/thumb/v7e-m+fp/hard/libc_nano.a(libc_a-printf.o)
                              build/mpu6050.o (printf)
/home/yml/mondrian/arm-gnu-toolchain-13.2.Rel1-x86_64-arm-none-eabi/bin/../lib/gcc/arm-none-eabi/13.2.1/../../../../arm-none-eabi/lib/thumb/v7e-m+fp/hard/libc_nano.a(libc_a-nano-vfprintf.o)
                              /home/yml/mondrian/arm-gnu-toolchain-13.2.Rel1-x86_64-arm-none-eabi/bin/../lib/gcc/arm-none-eabi/13.2.1/../../../../arm-none-eabi/lib/thumb/v7e-m+fp/hard/libc_nano.a(libc_a-printf.o) (_vfprintf_r)
/home/yml/mondrian/arm-gnu-toolchain-13.2.Rel1-x86_64-arm-none-eabi/bin/../lib/gcc/arm-none-eabi/13.2.1/../../../../arm-none-eabi/lib/thumb/v7e-m+fp/hard/libc_nano.a(libc_a-wbuf.o)
                              /home/yml/mondrian/arm-gnu-toolchain-13.2.Rel1-x86_64-arm-none-eabi/bin/../lib/gcc/arm-none-eabi/13.2.1/../../../../arm-none-eabi/lib/thumb/v7e-m+fp/hard/libc_nano.a(libc_a-nano-vfprintf.o) (__swbuf_r)
/home/yml/mondrian/arm-gnu-toolchain-13.2.Rel1-x86_64-arm-none-eabi/bin/../lib/gcc/arm-none-eabi/13.2.1/../../../../arm-none-eabi/lib/thumb/v7e-m+fp/hard/libc_nano.a(libc_a-wsetup.o)
                              /home/yml/mondrian/arm-gnu-toolchain-13.2.Rel1-x86_64-arm-none-eabi/bin/../lib/gcc/arm-none-eabi/13.2.1/../../../../arm-none-eabi/lib/thumb/v7e-m+fp/hard/libc_nano.a(libc_a-nano-vfprintf.o) (__swsetup_r)
/home/yml/mondrian/arm-gnu-toolchain-13.2.Rel1-x86_64-arm-none-eabi/bin/../lib/gcc/arm-none-eabi/13.2.1/../../../../arm-none-eabi/lib/thumb/v7e-m+fp/hard/libc_nano.a(libc_a-nano-vfprintf_i.o)
                              /home/yml/mondrian/arm-gnu-toolchain-13.2.Rel1-x86_64-arm-none-eabi/bin/../lib/gcc/arm-none-eabi/13.2.1/../../../../arm-none-eabi/lib/thumb/v7e-m+fp/hard/libc_nano.a(libc_a-nano-vfprintf.o) (_printf_i)
/home/yml/mondrian/arm-gnu-toolchain-13.2.Rel1-x86_64-arm-none-eabi/bin/../lib/gcc/arm-none-eabi/13.2.1/../../../../arm-none-eabi/lib/thumb/v7e-m+fp/hard/libc_nano.a(libc_a-impure.o)
                              /home/yml/mondrian/arm-gnu-toolchain-13.2.Rel1-x86_64-arm-none-eabi/bin/../lib/gcc/arm-none-eabi/13.2.1/../../../../arm-none-eabi/lib/thumb/v7e-m+fp/hard/libc_nano.a(libc_a-printf.o) (_impure_ptr)
/home/yml/mondrian/arm-gnu-toolchain-13.2.Rel1-x86_64-arm-none-eabi/bin/../lib/gcc/arm-none-eabi/13.2.1/../../../../arm-none-eabi/lib/thumb/v7e-m+fp/hard/libc_nano.a(libc_a-fflush.o)
                              /home/yml/mondrian/arm-gnu-toolchain-13.2.Rel1-x86_64-arm-none-eabi/bin/../lib/gcc/arm-none-eabi/13.2.1/../../../../arm-none-eabi/lib/thumb/v7e-m+fp/hard/libc_nano.a(libc_a-wbuf.o) (_fflush_r)
/home/yml/mondrian/arm-gnu-toolchain-13.2.Rel1-x86_64-arm-none-eabi/bin/../lib/gcc/arm-none-eabi/13.2.1/../../../../arm-none-eabi/lib/thumb/v7e-m+fp/hard/libc_nano.a(libc_a-memchr.o)
                              /home/yml/mondrian/arm-gnu-toolchain-13.2.Rel1-x86_64-arm-none-eabi/bin/../lib/gcc/arm-none-eabi/13.2.1/../../../../arm-none-eabi/lib/thumb/v7e-m+fp/hard/libc_nano.a(libc_a-nano-vfprintf.o) (memchr)
/home/yml/mondrian/arm-gnu-toolchain-13.2.Rel1-x86_64-arm-none-eabi/bin/../lib/gcc/arm-none-eabi/13.2.1/../../../../arm-none-eabi/lib/thumb/v7e-m+fp/hard/libc_nano.a(libc_a-memcpy-stub.o)
                              build/queue.o (memcpy)
/home/yml/mondrian/arm-gnu-toolchain-13.2.Rel1-x86_64-arm-none-eabi/bin/../lib/gcc/arm-none-eabi/13.2.1/../../../../arm-none-eabi/lib/thumb/v7e-m+fp/hard/libc_nano.a(libc_a-findfp.o)
                              /home/yml/mondrian/arm-gnu-toolchain-13.2.Rel1-x86_64-arm-none-eabi/bin/../lib/gcc/arm-none-eabi/13.2.1/../../../../arm-none-eabi/lib/thumb/v7e-m+fp/hard/libc_nano.a(libc_a-fflush.o) (__sglue)
/home/yml/mondrian/arm-gnu-toolchain-13.2.Rel1-x86_64-arm-none-eabi/bin/../lib/gcc/arm-none-eabi/13.2.1/../../../../arm-none-eabi/lib/thumb/v7e-m+fp/hard/libc_nano.a(libc_a-stdio.o)
[...]
Memory Configuration

Name             Origin             Length             Attributes
RAM              0x20000000         0x00020000         xrw
FLASH            0x08000000         0x00020000         xr
*default*        0x00000000         0xffffffff

Linker script and memory map

LOAD /home/yml/mondrian/arm-gnu-toolchain-13.2.Rel1-x86_64-arm-none-eabi/bin/../lib/gcc/arm-none-eabi/13.2.1/thumb/v7e-m+fp/hard/crti.o
LOAD /home/yml/mondrian/arm-gnu-toolchain-13.2.Rel1-x86_64-arm-none-eabi/bin/../lib/gcc/arm-none-eabi/13.2.1/thumb/v7e-m+fp/hard/crtbegin.o
LOAD /home/yml/mondrian/arm-gnu-toolchain-13.2.Rel1-x86_64-arm-none-eabi/bin/../lib/gcc/arm-none-eabi/13.2.1/../../../../arm-none-eabi/lib/thumb/v7e-m+fp/hard/crt0.o
LOAD build/motor.o
LOAD build/encoder.o
LOAD build/servos.o
LOAD build/imu.o
LOAD build/init.o
LOAD build/mpu6050.o
LOAD build/kalman.o
LOAD build/pid.o
LOAD build/oled.o
LOAD build/robot.o
LOAD build/main.o
LOAD build/gpio.o
LOAD build/app_freertos.o
LOAD build/tim.o
LOAD build/stm32g4xx_it.o
LOAD build/stm32g4xx_hal_msp.o
LOAD build/stm32g4xx_hal_timebase_tim.o
LOAD build/stm32g4xx_hal.o
LOAD build/stm32g4xx_hal_rcc.o
LOAD build/stm32g4xx_hal_rcc_ex.o
LOAD build/stm32g4xx_hal_flash.o
LOAD build/stm32g4xx_hal_flash_ex.o
LOAD build/stm32g4xx_hal_flash_ramfunc.o
LOAD build/stm32g4xx_hal_gpio.o
LOAD build/stm32g4xx_hal_exti.o
LOAD build/stm32g4xx_hal_dma.o
LOAD build/stm32g4xx_hal_dma_ex.o
LOAD build/stm32g4xx_hal_pwr.o
LOAD build/stm32g4xx_hal_pwr_ex.o
LOAD build/stm32g4xx_hal_cortex.o
LOAD build/stm32g4xx_hal_tim.o
LOAD build/stm32g4xx_hal_tim_ex.o
LOAD build/system_stm32g4xx.o
LOAD build/croutine.o
LOAD build/event_groups.o
LOAD build/list.o
LOAD build/queue.o
LOAD build/stream_buffer.o
LOAD build/tasks.o
LOAD build/timers.o
LOAD build/cmsis_os.o
LOAD build/heap_4.o
LOAD build/port.o
LOAD build/sysmem.o
LOAD build/syscalls.o
LOAD build/i2c.o
LOAD build/stm32g4xx_hal_i2c.o
LOAD build/stm32g4xx_hal_i2c_ex.o
LOAD build/startup_stm32g474xx.o
LOAD /home/yml/mondrian/arm-gnu-toolchain-13.2.Rel1-x86_64-arm-none-eabi/bin/../lib/gcc/arm-none-eabi/13.2.1/../../../../arm-none-eabi/lib/thumb/v7e-m+fp/hard/libc_nano.a
LOAD /home/yml/mondrian/arm-gnu-toolchain-13.2.Rel1-x86_64-arm-none-eabi/bin/../lib/gcc/arm-none-eabi/13.2.1/../../../../arm-none-eabi/lib/thumb/v7e-m+fp/hard/libm.a
LOAD /home/yml/mondrian/arm-gnu-toolchain-13.2.Rel1-x86_64-arm-none-eabi/bin/../lib/gcc/arm-none-eabi/13.2.1/../../../../arm-none-eabi/lib/thumb/v7e-m+fp/hard/libnosys.a
START GROUP
LOAD /home/yml/mondrian/arm-gnu-toolchain-13.2.Rel1-x86_64-arm-none-eabi/bin/../lib/gcc/arm-none-eabi/13.2.1/thumb/v7e-m+fp/hard/libgcc.a
LOAD /home/yml/mondrian/arm-gnu-toolchain-13.2.Rel1-x86_64-arm-none-eabi/bin/../lib/gcc/arm-none-eabi/13.2.1/../../../../arm-none-eabi/lib/thumb/v7e-m+fp/hard/libc_nano.a
END GROUP
START GROUP
LOAD /home/yml/mondrian/arm-gnu-toolchain-13.2.Rel1-x86_64-arm-none-eabi/bin/../lib/gcc/arm-none-eabi/13.2.1/thumb/v7e-m+fp/hard/libgcc.a
LOAD /home/yml/mondrian/arm-gnu-toolchain-13.2.Rel1-x86_64-arm-none-eabi/bin/../lib/gcc/arm-none-eabi/13.2.1/../../../../arm-none-eabi/lib/thumb/v7e-m+fp/hard/libc_nano.a
END GROUP
LOAD /home/yml/mondrian/arm-gnu-toolchain-13.2.Rel1-x86_64-arm-none-eabi/bin/../lib/gcc/arm-none-eabi/13.2.1/thumb/v7e-m+fp/hard/crtend.o
LOAD /home/yml/mondrian/arm-gnu-toolchain-13.2.Rel1-x86_64-arm-none-eabi/bin/../lib/gcc/arm-none-eabi/13.2.1/thumb/v7e-m+fp/hard/crtn.o
                0x20020000                        _estack = (ORIGIN (RAM) + LENGTH (RAM))
                0x00000200                        _Min_Heap_Size = 0x200
                0x00000400                        _Min_Stack_Size = 0x400

.isr_vector     0x08000000      0x1d8
                0x08000000                        . = ALIGN (0x4)
 *(.isr_vector)
 .isr_vector    0x08000000      0x1d8 build/startup_stm32g474xx.o
                0x08000000                g_pfnVectors
                0x080001d8                        . = ALIGN (0x4)

.text           0x080001e0     0x7988
                0x080001e0                        . = ALIGN (0x4)
 *(.text)
 .text          0x080001e0       0xa0 /home/yml/mondrian/arm-gnu-toolchain-13.2.Rel1-x86_64-arm-none-eabi/bin/../lib/gcc/arm-none-eabi/13.2.1/../../../../arm-none-eabi/lib/thumb/v7e-m+fp/hard/libc_nano.a(libc_a-memchr.o)
                0x080001e0                memchr
 .text          0x08000280      0x378 /home/yml/mondrian/arm-gnu-toolchain-13.2.Rel1-x86_64-arm-none-eabi/bin/../lib/gcc/arm-none-eabi/13.2.1/thumb/v7e-m+fp/hard/libgcc.a(_arm_addsubdf3.o)
                0x08000280                __aeabi_drsub
                0x08000288                __aeabi_dsub
                0x08000288                __subdf3
                0x0800028c                __adddf3
                0x0800028c                __aeabi_dadd
                0x08000504                __aeabi_ui2d
                0x08000504                __floatunsidf
                0x08000524                __floatsidf
                0x08000524                __aeabi_i2d
                0x08000548                __extendsfdf2
                0x08000548                __aeabi_f2d
                0x0800058c                __aeabi_ul2d
                0x0800058c                __floatundidf
                0x0800059c                __floatdidf
                0x0800059c                __aeabi_l2d
 .text          0x080005f8      0x424 /home/yml/mondrian/arm-gnu-toolchain-13.2.Rel1-x86_64-arm-none-eabi/bin/../lib/gcc/arm-none-eabi/13.2.1/thumb/v7e-m+fp/hard/libgcc.a(_arm_muldivdf3.o)
                0x080005f8                __aeabi_dmul
                0x080005f8                __muldf3
                0x0800084c                __aeabi_ddiv
                0x0800084c                __divdf3
 .text          0x08000a1c      0x110 /home/yml/mondrian/arm-gnu-toolchain-13.2.Rel1-x86_64-arm-none-eabi/bin/../lib/gcc/arm-none-eabi/13.2.1/thumb/v7e-m+fp/hard/libgcc.a(_arm_cmpdf2.o)
                0x08000a1c                __gtdf2
                0x08000a1c                __gedf2
                0x08000a24                __ltdf2
                0x08000a24                __ledf2
                0x08000a2c                __cmpdf2
                0x08000a2c                __eqdf2
                0x08000a2c                __nedf2
                0x08000aa8                __aeabi_cdrcmple
                0x08000ab8                __aeabi_cdcmple
                0x08000ab8                __aeabi_cdcmpeq
                0x08000ac8                __aeabi_dcmpeq
                0x08000adc                __aeabi_dcmplt
                0x08000af0                __aeabi_dcmple
                0x08000b04                __aeabi_dcmpge
                0x08000b18                __aeabi_dcmpgt
 .text          0x08000b2c       0x2c /home/yml/mondrian/arm-gnu-toolchain-13.2.Rel1-x86_64-arm-none-eabi/bin/../lib/gcc/arm-none-eabi/13.2.1/thumb/v7e-m+fp/hard/libgcc.a(_arm_unorddf2.o)
                0x08000b2c                __aeabi_dcmpun
                0x08000b2c                __unorddf2
 .text          0x08000b58       0xa0 /home/yml/mondrian/arm-gnu-toolchain-13.2.Rel1-x86_64-arm-none-eabi/bin/../lib/gcc/arm-none-eabi/13.2.1/thumb/v7e-m+fp/hard/libgcc.a(_arm_truncdfsf2.o)
                0x08000b58                __aeabi_d2f
                0x08000b58                __truncdfsf2
 *(.text*)
 .text.deregister_tm_clones
                0x08000bf8       0x1c /home/yml/mondrian/arm-gnu-toolchain-13.2.Rel1-x86_64-arm-none-eabi/bin/../lib/gcc/arm-none-eabi/13.2.1/thumb/v7e-m+fp/hard/crtbegin.o
 .text.register_tm_clones
                0x08000c14       0x24 /home/yml/mondrian/arm-gnu-toolchain-13.2.Rel1-x86_64-arm-none-eabi/bin/../lib/gcc/arm-none-eabi/13.2.1/thumb/v7e-m+fp/hard/crtbegin.o
 .text.__do_global_dtors_aux
                0x08000c38       0x28 /home/yml/mondrian/arm-gnu-toolchain-13.2.Rel1-x86_64-arm-none-eabi/bin/../lib/gcc/arm-none-eabi/13.2.1/thumb/v7e-m+fp/hard/crtbegin.o
 .text.frame_dummy
                0x08000c60       0x24 /home/yml/mondrian/arm-gnu-toolchain-13.2.Rel1-x86_64-arm-none-eabi/bin/../lib/gcc/arm-none-eabi/13.2.1/thumb/v7e-m+fp/hard/crtbegin.o
 .text.MotorStop
                0x08000c84       0x48 build/motor.o
                0x08000c84                MotorStop
 .text.MotorInit
                0x08000ccc      0x1b8 build/motor.o
                0x08000ccc                MotorInit
 .text.MotorRun
                0x08000e84       0x48 build/motor.o
                0x08000e84                MotorRun
 .text.MotorControlCwCCw
                0x08000ecc       0x98 build/motor.o
                0x08000ecc                MotorControlCwCCw
 .text.EncoderInit
                0x08000f64       0x5c build/encoder.o
                0x08000f64                EncoderInit
 .text.EncoderRead
                0x08000fc0       0x4c build/encoder.o
                0x08000fc0                EncoderRead
 *fill*         0x0800100c        0x4 
 .text.GetAngle
                0x08001010      0x51c build/imu.o
                0x08001010                GetAngle
 .text.MPU_Write_Byte
                0x0800152c       0x38 build/mpu6050.o
                0x0800152c                MPU_Write_Byte
 .text.MPU_Set_Gyro_Fsr
                0x08001564       0x10 build/mpu6050.o
                0x08001564                MPU_Set_Gyro_Fsr
 .text.MPU_Set_Accel_Fsr
                0x08001574       0x10 build/mpu6050.o
                0x08001574                MPU_Set_Accel_Fsr
 .text.MPU_Set_LPF
                0x08001584       0x34 build/mpu6050.o
                0x08001584                MPU_Set_LPF
 .text.MPU_Set_Rate
                0x080015b8       0x32 build/mpu6050.o
                0x080015b8                MPU_Set_Rate
 *fill*         0x080015ea        0x2 
 .text.MPU_Read_Byte
                0x080015ec       0x38 build/mpu6050.o
                0x080015ec                MPU_Read_Byte
 .text.MPU_Init
                0x08001624       0x84 build/mpu6050.o
                0x08001624                MPU_Init
 .text.MpuGetData
                0x080016a8      0x10c build/mpu6050.o
                0x080016a8                MpuGetData
 .text.kalmanfiter
                0x080017b4       0x46 build/kalman.o
                0x080017b4                kalmanfiter
 .text.pidInit  0x080017fa       0x16 build/pid.o
                0x080017fa                pidInit
 .text.LIMIT_MIN_MAX
                0x08001810       0x28 build/pid.o
                0x08001810                LIMIT_MIN_MAX
 .text.pidCalculate
                0x08001838       0x82 build/pid.o
                0x08001838                pidCalculate
 *fill*         0x080018ba        0x2 
 .text.WriteCmd
                0x080018bc       0x2c build/oled.o
                0x080018bc                WriteCmd
 .text.WriteDat
                0x080018e8       0x2c build/oled.o
                0x080018e8                WriteDat
 .text.OLED_Init
                0x08001914       0xac build/oled.o
                0x08001914                OLED_Init
 .text.OLED_Fill
                0x080019c0       0x3c build/oled.o
                0x080019c0                OLED_Fill
 .text.OLED_CLS
                0x080019fc        0xa build/oled.o
                0x080019fc                OLED_CLS
 .text.StartGIMBALTASK
                0x08001a06        0xc build/robot.o
                0x08001a06                StartGIMBALTASK
 *fill*         0x08001a12        0x2 
 .text.OSTaskInit
                0x08001a14       0x84 build/robot.o
                0x08001a14                OSTaskInit
 .text.RobotInit
                0x08001a98       0x1c build/robot.o
                0x08001a98                RobotInit
 .text.ImuTask  0x08001ab4       0x20 build/robot.o
                0x08001ab4                ImuTask
 .text.StartIMUTASK
                0x08001ad4        0xe build/robot.o
                0x08001ad4                StartIMUTASK
 *fill*         0x08001ae2        0x2 
 .text.ChassisTask
                0x08001ae4      0x270 build/robot.o
                0x08001ae4                ChassisTask
 .text.StartCHASSISTASK
                0x08001d54        0xe build/robot.o
                0x08001d54                StartCHASSISTASK
 *fill*         0x08001d62        0x2 
 .text.HAL_TIM_PeriodElapsedCallback
                0x08001d64       0x18 build/main.o
                0x08001d64                HAL_TIM_PeriodElapsedCallback
 .text.Error_Handler
                0x08001d7c        0x4 build/main.o
                0x08001d7c                Error_Handler
 .text.SystemClock_Config
                0x08001d80       0x6e build/main.o
                0x08001d80                SystemClock_Config
 *fill*         0x08001dee        0x2 
 .text.main     0x08001df0       0x50 build/main.o
                0x08001df0                main
 .text.MX_GPIO_Init
                0x08001e40       0xd4 build/gpio.o
                0x08001e40                MX_GPIO_Init
 .text.StartCmdTask
                0x08001f14       0x1c build/app_freertos.o
                0x08001f14                StartCmdTask
 .text.vApplicationGetIdleTaskMemory
                0x08001f30       0x18 build/app_freertos.o
                0x08001f30                vApplicationGetIdleTaskMemory
 .text.MX_FREERTOS_Init
                0x08001f48       0x30 build/app_freertos.o
                0x08001f48                MX_FREERTOS_Init
 .text.MX_TIM1_Init
                0x08001f78       0x70 build/tim.o
                0x08001f78                MX_TIM1_Init
 .text.MX_TIM6_Init
                0x08001fe8       0x50 build/tim.o
                0x08001fe8                MX_TIM6_Init
 .text.MX_TIM17_Init
                0x08002038       0x30 build/tim.o
                0x08002038                MX_TIM17_Init
 .text.HAL_TIM_Encoder_MspInit
                0x08002068       0x88 build/tim.o
                0x08002068                HAL_TIM_Encoder_MspInit
 .text.HAL_TIM_PWM_MspInit
                0x080020f0      0x1d8 build/tim.o
                0x080020f0                HAL_TIM_PWM_MspInit
 .text.HAL_TIM_Base_MspInit
                0x080022c8       0x60 build/tim.o
                0x080022c8                HAL_TIM_Base_MspInit
 .text.HAL_TIM_MspPostInit
                0x08002328      0x154 build/tim.o
                0x08002328                HAL_TIM_MspPostInit
 .text.MX_TIM2_Init
                0x0800247c       0xb8 build/tim.o
                0x0800247c                MX_TIM2_Init
 .text.MX_TIM3_Init
                0x08002534       0xb8 build/tim.o
                0x08002534                MX_TIM3_Init
 .text.MX_TIM4_Init
                0x080025ec       0xbc build/tim.o
                0x080025ec                MX_TIM4_Init
 .text.MX_TIM15_Init
                0x080026a8       0xbc build/tim.o
                0x080026a8                MX_TIM15_Init
 .text.MX_TIM20_Init
                0x08002764       0xf4 build/tim.o
                0x08002764                MX_TIM20_Init
 .text.NMI_Handler
                0x08002858        0x2 build/stm32g4xx_it.o
                0x08002858                NMI_Handler
 .text.HardFault_Handler
                0x0800285a        0x2 build/stm32g4xx_it.o
                0x0800285a                HardFault_Handler
 .text.MemManage_Handler
                0x0800285c        0x2 build/stm32g4xx_it.o
                0x0800285c                MemManage_Handler
 .text.BusFault_Handler
                0x0800285e        0x2 build/stm32g4xx_it.o
                0x0800285e                BusFault_Handler
 .text.UsageFault_Handler
                0x08002860        0x2 build/stm32g4xx_it.o
                0x08002860                UsageFault_Handler
 .text.DebugMon_Handler
                0x08002862        0x2 build/stm32g4xx_it.o
                0x08002862                DebugMon_Handler
 .text.TIM1_BRK_TIM15_IRQHandler
                0x08002864       0x18 build/stm32g4xx_it.o
                0x08002864                TIM1_BRK_TIM15_IRQHandler
 .text.TIM1_UP_TIM16_IRQHandler
                0x0800287c       0x18 build/stm32g4xx_it.o
                0x0800287c                TIM1_UP_TIM16_IRQHandler
 .text.TIM2_IRQHandler
                0x08002894       0x10 build/stm32g4xx_it.o
                0x08002894                TIM2_IRQHandler
 .text.TIM3_IRQHandler
                0x080028a4       0x10 build/stm32g4xx_it.o
                0x080028a4                TIM3_IRQHandler
 .text.TIM4_IRQHandler
                0x080028b4       0x10 build/stm32g4xx_it.o
                0x080028b4                TIM4_IRQHandler
 .text.TIM6_DAC_IRQHandler
                0x080028c4       0x10 build/stm32g4xx_it.o
                0x080028c4                TIM6_DAC_IRQHandler
 .text.TIM20_BRK_IRQHandler
                0x080028d4       0x10 build/stm32g4xx_it.o
                0x080028d4                TIM20_BRK_IRQHandler
 .text.TIM20_UP_IRQHandler
                0x080028e4       0x10 build/stm32g4xx_it.o
                0x080028e4                TIM20_UP_IRQHandler
 .text.TIM20_CC_IRQHandler
                0x080028f4       0x10 build/stm32g4xx_it.o
                0x080028f4                TIM20_CC_IRQHandler
 .text.HAL_MspInit
                0x08002904       0x44 build/stm32g4xx_hal_msp.o
                0x08002904                HAL_MspInit
 .text.HAL_InitTick
                0x08002948       0x90 build/stm32g4xx_hal_timebase_tim.o
                0x08002948                HAL_InitTick
 .text.HAL_Init
                0x080029d8       0x1e build/stm32g4xx_hal.o
                0x080029d8                HAL_Init
 *fill*         0x080029f6        0x2 
 .text.HAL_IncTick
                0x080029f8       0x18 build/stm32g4xx_hal.o
                0x080029f8                HAL_IncTick
 .text.HAL_GetTick
                0x08002a10        0xc build/stm32g4xx_hal.o
                0x08002a10                HAL_GetTick
 .text.HAL_Delay
                0x08002a1c       0x28 build/stm32g4xx_hal.o
                0x08002a1c                HAL_Delay
 .text.RCC_GetSysClockFreqFromPLLSource
                0x08002a44       0x58 build/stm32g4xx_hal_rcc.o
 .text.HAL_RCC_OscConfig
                0x08002a9c      0x4e4 build/stm32g4xx_hal_rcc.o
                0x08002a9c                HAL_RCC_OscConfig
 .text.HAL_RCC_GetSysClockFreq
                0x08002f80       0x88 build/stm32g4xx_hal_rcc.o
                0x08002f80                HAL_RCC_GetSysClockFreq
 .text.HAL_RCC_ClockConfig
                0x08003008      0x1f8 build/stm32g4xx_hal_rcc.o
                0x08003008                HAL_RCC_ClockConfig
 .text.HAL_RCC_GetHCLKFreq
                0x08003200        0xc build/stm32g4xx_hal_rcc.o
                0x08003200                HAL_RCC_GetHCLKFreq
 .text.HAL_RCC_GetPCLK2Freq
                0x0800320c       0x24 build/stm32g4xx_hal_rcc.o
                0x0800320c                HAL_RCC_GetPCLK2Freq
 .text.HAL_RCC_GetClockConfig
                0x08003230       0x3c build/stm32g4xx_hal_rcc.o
                0x08003230                HAL_RCC_GetClockConfig
 .text.HAL_RCCEx_PeriphCLKConfig
                0x0800326c      0x378 build/stm32g4xx_hal_rcc_ex.o
                0x0800326c                HAL_RCCEx_PeriphCLKConfig
 .text.HAL_GPIO_Init
                0x080035e4      0x1d4 build/stm32g4xx_hal_gpio.o
                0x080035e4                HAL_GPIO_Init
 .text.HAL_GPIO_ReadPin
                0x080037b8        0xe build/stm32g4xx_hal_gpio.o
                0x080037b8                HAL_GPIO_ReadPin
 .text.HAL_GPIO_WritePin
                0x080037c6        0xa build/stm32g4xx_hal_gpio.o
                0x080037c6                HAL_GPIO_WritePin
 .text.HAL_GPIO_TogglePin
                0x080037d0       0x12 build/stm32g4xx_hal_gpio.o
                0x080037d0                HAL_GPIO_TogglePin
 *fill*         0x080037e2        0x2 
 .text.HAL_PWREx_ControlVoltageScaling
                0x080037e4      0x10c build/stm32g4xx_hal_pwr_ex.o
                0x080037e4                HAL_PWREx_ControlVoltageScaling
 .text.HAL_PWREx_DisableUCPDDeadBattery
                0x080038f0       0x10 build/stm32g4xx_hal_pwr_ex.o
                0x080038f0                HAL_PWREx_DisableUCPDDeadBattery
 .text.__NVIC_EnableIRQ
                0x08003900       0x1c build/stm32g4xx_hal_cortex.o
 .text.__NVIC_SetPriority
                0x0800391c       0x28 build/stm32g4xx_hal_cortex.o
 .text.NVIC_EncodePriority
                0x08003944       0x3e build/stm32g4xx_hal_cortex.o
 *fill*         0x08003982        0x2 
 .text.HAL_NVIC_SetPriorityGrouping
                0x08003984       0x24 build/stm32g4xx_hal_cortex.o
                0x08003984                HAL_NVIC_SetPriorityGrouping
 .text.HAL_NVIC_SetPriority
                0x080039a8       0x20 build/stm32g4xx_hal_cortex.o
                0x080039a8                HAL_NVIC_SetPriority
 .text.HAL_NVIC_EnableIRQ
                0x080039c8        0x8 build/stm32g4xx_hal_cortex.o
                0x080039c8                HAL_NVIC_EnableIRQ
 .text.TIM_OC1_SetConfig
                0x080039d0       0xac build/stm32g4xx_hal_tim.o
 .text.TIM_OC3_SetConfig
                0x08003a7c       0x9c build/stm32g4xx_hal_tim.o
 .text.TIM_OC4_SetConfig
                0x08003b18       0x9c build/stm32g4xx_hal_tim.o
 .text.TIM_OC5_SetConfig
                0x08003bb4       0x70 build/stm32g4xx_hal_tim.o
 .text.TIM_OC6_SetConfig
                0x08003c24       0x74 build/stm32g4xx_hal_tim.o
 .text.HAL_TIM_Base_Start_IT
                0x08003c98       0x94 build/stm32g4xx_hal_tim.o
                0x08003c98                HAL_TIM_Base_Start_IT
 .text.HAL_TIM_OC_DelayElapsedCallback
                0x08003d2c        0x2 build/stm32g4xx_hal_tim.o
                0x08003d2c                HAL_TIM_OC_DelayElapsedCallback
 .text.HAL_TIM_IC_CaptureCallback
                0x08003d2e        0x2 build/stm32g4xx_hal_tim.o
                0x08003d2e                HAL_TIM_IC_CaptureCallback
 .text.HAL_TIM_PWM_PulseFinishedCallback
                0x08003d30        0x2 build/stm32g4xx_hal_tim.o
                0x08003d30                HAL_TIM_PWM_PulseFinishedCallback
 .text.HAL_TIM_TriggerCallback
                0x08003d32        0x2 build/stm32g4xx_hal_tim.o
                0x08003d32                HAL_TIM_TriggerCallback
 .text.HAL_TIM_IRQHandler
                0x08003d34      0x1ea build/stm32g4xx_hal_tim.o
                0x08003d34                HAL_TIM_IRQHandler
 *fill*         0x08003f1e        0x2 
 .text.TIM_Base_SetConfig
                0x08003f20       0xf0 build/stm32g4xx_hal_tim.o
                0x08003f20                TIM_Base_SetConfig
 .text.HAL_TIM_Base_Init
                0x08004010       0x60 build/stm32g4xx_hal_tim.o
                0x08004010                HAL_TIM_Base_Init
 .text.HAL_TIM_PWM_Init
                0x08004070       0x60 build/stm32g4xx_hal_tim.o
                0x08004070                HAL_TIM_PWM_Init
 .text.HAL_TIM_Encoder_Init
                0x080040d0       0xb0 build/stm32g4xx_hal_tim.o
                0x080040d0                HAL_TIM_Encoder_Init
 .text.TIM_OC2_SetConfig
                0x08004180       0x9c build/stm32g4xx_hal_tim.o
                0x08004180                TIM_OC2_SetConfig
 .text.HAL_TIM_PWM_ConfigChannel
                0x0800421c      0x13a build/stm32g4xx_hal_tim.o
                0x0800421c                HAL_TIM_PWM_ConfigChannel
 .text.TIM_CCxChannelCmd
                0x08004356       0x1e build/stm32g4xx_hal_tim.o
                0x08004356                TIM_CCxChannelCmd
 .text.HAL_TIM_PWM_Start
                0x08004374      0x17c build/stm32g4xx_hal_tim.o
                0x08004374                HAL_TIM_PWM_Start
 .text.HAL_TIM_Encoder_Start
                0x080044f0       0xcc build/stm32g4xx_hal_tim.o
                0x080044f0                HAL_TIM_Encoder_Start
 .text.HAL_TIMEx_MasterConfigSynchronization
                0x080045bc       0xac build/stm32g4xx_hal_tim_ex.o
                0x080045bc                HAL_TIMEx_MasterConfigSynchronization
 .text.HAL_TIMEx_ConfigBreakDeadTime
                0x08004668       0xa8 build/stm32g4xx_hal_tim_ex.o
                0x08004668                HAL_TIMEx_ConfigBreakDeadTime
 .text.HAL_TIMEx_CommutCallback
                0x08004710        0x2 build/stm32g4xx_hal_tim_ex.o
                0x08004710                HAL_TIMEx_CommutCallback
 .text.HAL_TIMEx_BreakCallback
                0x08004712        0x2 build/stm32g4xx_hal_tim_ex.o
                0x08004712                HAL_TIMEx_BreakCallback
 .text.HAL_TIMEx_Break2Callback
                0x08004714        0x2 build/stm32g4xx_hal_tim_ex.o
                0x08004714                HAL_TIMEx_Break2Callback
 .text.HAL_TIMEx_EncoderIndexCallback
                0x08004716        0x2 build/stm32g4xx_hal_tim_ex.o
                0x08004716                HAL_TIMEx_EncoderIndexCallback
 .text.HAL_TIMEx_DirectionChangeCallback
                0x08004718        0x2 build/stm32g4xx_hal_tim_ex.o
                0x08004718                HAL_TIMEx_DirectionChangeCallback
 .text.HAL_TIMEx_IndexErrorCallback
                0x0800471a        0x2 build/stm32g4xx_hal_tim_ex.o
                0x0800471a                HAL_TIMEx_IndexErrorCallback
 .text.HAL_TIMEx_TransitionErrorCallback
                0x0800471c        0x2 build/stm32g4xx_hal_tim_ex.o
                0x0800471c                HAL_TIMEx_TransitionErrorCallback
 *fill*         0x0800471e        0x2 
 .text.SystemInit
                0x08004720       0x14 build/system_stm32g4xx.o
                0x08004720                SystemInit
 .text.vListInitialise
                0x08004734       0x16 build/list.o
                0x08004734                vListInitialise
 .text.vListInitialiseItem
                0x0800474a        0x6 build/list.o
                0x0800474a                vListInitialiseItem
 .text.vListInsertEnd
                0x08004750       0x16 build/list.o
                0x08004750                vListInsertEnd
 .text.vListInsert
                0x08004766       0x32 build/list.o
                0x08004766                vListInsert
 .text.uxListRemove
                0x08004798       0x26 build/list.o
                0x08004798                uxListRemove
 *fill*         0x080047be        0x2 
 .text.prvResetNextTaskUnblockTime
                0x080047c0       0x2c build/tasks.o
 .text.prvInitialiseNewTask
                0x080047ec       0x9c build/tasks.o
 .text.prvInitialiseTaskLists
                0x08004888       0x68 build/tasks.o
 .text.prvAddNewTaskToReadyList
                0x080048f0       0xa8 build/tasks.o
 .text.prvDeleteTCB
                0x08004998       0x38 build/tasks.o
 .text.prvCheckTasksWaitingTermination
                0x080049d0       0x4c build/tasks.o
 .text.prvIdleTask
                0x08004a1c       0x28 build/tasks.o
 .text.prvAddCurrentTaskToDelayedList
                0x08004a44       0x98 build/tasks.o
 .text.xTaskCreateStatic
                0x08004adc       0x76 build/tasks.o
                0x08004adc                xTaskCreateStatic
 .text.xTaskCreate
                0x08004b52       0x64 build/tasks.o
                0x08004b52                xTaskCreate
 *fill*         0x08004bb6        0x2 
 .text.vTaskStartScheduler
                0x08004bb8       0x74 build/tasks.o
                0x08004bb8                vTaskStartScheduler
 .text.vTaskSuspendAll
                0x08004c2c       0x10 build/tasks.o
                0x08004c2c                vTaskSuspendAll
 .text.xTaskIncrementTick
                0x08004c3c      0x118 build/tasks.o
                0x08004c3c                xTaskIncrementTick
 .text.xTaskResumeAll
                0x08004d54       0xf8 build/tasks.o
                0x08004d54                xTaskResumeAll
 .text.vTaskDelay
                0x08004e4c       0x4c build/tasks.o
                0x08004e4c                vTaskDelay
 .text.vTaskSwitchContext
                0x08004e98       0x98 build/tasks.o
                0x08004e98                vTaskSwitchContext
 .text.makeFreeRtosPriority
                0x08004f30        0xc build/cmsis_os.o
 .text.osKernelStart
                0x08004f3c        0xa build/cmsis_os.o
                0x08004f3c                osKernelStart
 .text.osThreadCreate
                0x08004f46       0x66 build/cmsis_os.o
                0x08004f46                osThreadCreate
 .text.osDelay  0x08004fac        0xe build/cmsis_os.o
                0x08004fac                osDelay
 *fill*         0x08004fba        0x2 
 .text.prvHeapInit
                0x08004fbc       0x64 build/heap_4.o
 .text.prvInsertBlockIntoFreeList
                0x08005020       0x64 build/heap_4.o
 .text.pvPortMalloc
                0x08005084      0x104 build/heap_4.o
                0x08005084                pvPortMalloc
 .text.vPortFree
                0x08005188       0x7c build/heap_4.o
                0x08005188                vPortFree
 .text.prvTaskExitError
                0x08005204       0x40 build/port.o
 .text.prvPortStartFirstTask
                0x08005244       0x28 build/port.o
 .text.vPortEnableVFP
                0x0800526c       0x14 build/port.o
 .text.pxPortInitialiseStack
                0x08005280       0x2c build/port.o
                0x08005280                pxPortInitialiseStack
 *fill*         0x080052ac        0x4 
 .text.SVC_Handler
                0x080052b0       0x24 build/port.o
                0x080052b0                SVC_Handler
 .text.vPortEnterCritical
                0x080052d4       0x44 build/port.o
                0x080052d4                vPortEnterCritical
 .text.vPortExitCritical
                0x08005318       0x2c build/port.o
                0x08005318                vPortExitCritical
 *fill*         0x08005344        0xc 
 .text.PendSV_Handler
                0x08005350       0x64 build/port.o
                0x08005350                PendSV_Handler
 .text.SysTick_Handler
                0x080053b4       0x2c build/port.o
                0x080053b4                SysTick_Handler
 .text.vPortSetupTimerInterrupt
                0x080053e0       0x28 build/port.o
                0x080053e0                vPortSetupTimerInterrupt
 .text.xPortStartScheduler
                0x08005408      0x118 build/port.o
                0x08005408                xPortStartScheduler
 .text._sbrk    0x08005520       0x48 build/sysmem.o
                0x08005520                _sbrk
 .text._read    0x08005568       0x20 build/syscalls.o
                0x08005568                _read
 .text._write   0x08005588       0x1c build/syscalls.o
                0x08005588                _write
 .text._close   0x080055a4        0x6 build/syscalls.o
                0x080055a4                _close
 .text._fstat   0x080055aa        0xa build/syscalls.o
                0x080055aa                _fstat
 .text._isatty  0x080055b4        0x4 build/syscalls.o
                0x080055b4                _isatty
 .text._lseek   0x080055b8        0x4 build/syscalls.o
                0x080055b8                _lseek
 .text.MX_I2C1_Init
                0x080055bc       0x60 build/i2c.o
                0x080055bc                MX_I2C1_Init
 .text.MX_I2C2_Init
                0x0800561c       0x5c build/i2c.o
                0x0800561c                MX_I2C2_Init
 .text.HAL_I2C_MspInit
                0x08005678      0x140 build/i2c.o
                0x08005678                HAL_I2C_MspInit
 .text.I2C_Flush_TXDR
                0x080057b8       0x22 build/stm32g4xx_hal_i2c.o
 .text.I2C_TransferConfig
                0x080057da       0x3c build/stm32g4xx_hal_i2c.o
 .text.I2C_IsErrorOccurred
                0x08005816      0x114 build/stm32g4xx_hal_i2c.o
 .text.I2C_WaitOnTXISFlagUntilTimeout
                0x0800592a       0x60 build/stm32g4xx_hal_i2c.o
 .text.I2C_WaitOnFlagUntilTimeout
                0x0800598a       0x7c build/stm32g4xx_hal_i2c.o
 *fill*         0x08005a06        0x2 
 .text.I2C_RequestMemoryWrite
                0x08005a08       0x7c build/stm32g4xx_hal_i2c.o
 .text.I2C_RequestMemoryRead
                0x08005a84       0x78 build/stm32g4xx_hal_i2c.o
 .text.I2C_WaitOnSTOPFlagUntilTimeout
                0x08005afc       0x5e build/stm32g4xx_hal_i2c.o
 .text.HAL_I2C_Init
                0x08005b5a       0xc8 build/stm32g4xx_hal_i2c.o
                0x08005b5a                HAL_I2C_Init
 .text.HAL_I2C_Mem_Write
                0x08005c22      0x1a8 build/stm32g4xx_hal_i2c.o
                0x08005c22                HAL_I2C_Mem_Write
 *fill*         0x08005dca        0x2 
 .text.HAL_I2C_Mem_Read
                0x08005dcc      0x1b0 build/stm32g4xx_hal_i2c.o
                0x08005dcc                HAL_I2C_Mem_Read
 .text.HAL_I2CEx_ConfigAnalogFilter
                0x08005f7c       0x5c build/stm32g4xx_hal_i2c_ex.o
                0x08005f7c                HAL_I2CEx_ConfigAnalogFilter
 .text.HAL_I2CEx_ConfigDigitalFilter
                0x08005fd8       0x58 build/stm32g4xx_hal_i2c_ex.o
                0x08005fd8                HAL_I2CEx_ConfigDigitalFilter
 .text.Reset_Handler
                0x08006030       0x50 build/startup_stm32g474xx.o
                0x08006030                Reset_Handler
 .text.Default_Handler
                0x08006080        0x2 build/startup_stm32g474xx.o
                0x08006080                RTC_Alarm_IRQHandler
                0x08006080                EXTI2_IRQHandler
                0x08006080                TIM8_TRG_COM_IRQHandler
                0x08006080                TIM8_CC_IRQHandler
                0x08006080                HRTIM1_Master_IRQHandler
                0x08006080                SPI4_IRQHandler
                0x08006080                FDCAN3_IT0_IRQHandler
                0x08006080                TIM1_CC_IRQHandler
                0x08006080                HRTIM1_FLT_IRQHandler
                0x08006080                HRTIM1_TIMF_IRQHandler
                0x08006080                USB_HP_IRQHandler
                0x08006080                CORDIC_IRQHandler
                0x08006080                HRTIM1_TIMD_IRQHandler
                0x08006080                DMA2_Channel8_IRQHandler
                0x08006080                EXTI3_IRQHandler
                0x08006080                I2C3_ER_IRQHandler
                0x08006080                EXTI0_IRQHandler
                0x08006080                I2C2_EV_IRQHandler
                0x08006080                FPU_IRQHandler
                0x08006080                FDCAN1_IT1_IRQHandler
                0x08006080                ADC1_2_IRQHandler
                0x08006080                HRTIM1_TIME_IRQHandler
                0x08006080                SPI1_IRQHandler
                0x08006080                HRTIM1_TIMC_IRQHandler
                0x08006080                TIM8_UP_IRQHandler
                0x08006080                DMA2_Channel2_IRQHandler
                0x08006080                DMA1_Channel4_IRQHandler
                0x08006080                TIM20_TRG_COM_IRQHandler
                0x08006080                USART3_IRQHandler
                0x08006080                DMA1_Channel7_IRQHandler
                0x08006080                UART5_IRQHandler
                0x08006080                ADC3_IRQHandler
                0x08006080                DMA2_Channel1_IRQHandler
                0x08006080                QUADSPI_IRQHandler
                0x08006080                I2C1_EV_IRQHandler
                0x08006080                DMA1_Channel6_IRQHandler
                0x08006080                UART4_IRQHandler
                0x08006080                DMA2_Channel4_IRQHandler
                0x08006080                RCC_IRQHandler
                0x08006080                DMA1_Channel1_IRQHandler
                0x08006080                Default_Handler
                0x08006080                DMA2_Channel7_IRQHandler
                0x08006080                RTC_TAMP_LSECSS_IRQHandler
                0x08006080                FMAC_IRQHandler
                0x08006080                EXTI15_10_IRQHandler
                0x08006080                DMA1_Channel8_IRQHandler
                0x08006080                HRTIM1_TIMA_IRQHandler
                0x08006080                TIM7_DAC_IRQHandler
                0x08006080                FDCAN3_IT1_IRQHandler
                0x08006080                TIM5_IRQHandler
                0x08006080                UCPD1_IRQHandler
                0x08006080                I2C3_EV_IRQHandler
                0x08006080                EXTI9_5_IRQHandler
                0x08006080                RTC_WKUP_IRQHandler
                0x08006080                PVD_PVM_IRQHandler
                0x08006080                SPI2_IRQHandler
                0x08006080                ADC5_IRQHandler
                0x08006080                DMA2_Channel5_IRQHandler
                0x08006080                CRS_IRQHandler
                0x08006080                DMA1_Channel5_IRQHandler
                0x08006080                USB_LP_IRQHandler
                0x08006080                EXTI4_IRQHandler
                0x08006080                RNG_IRQHandler
                0x08006080                HRTIM1_TIMB_IRQHandler
                0x08006080                TIM1_TRG_COM_TIM17_IRQHandler
                0x08006080                FDCAN2_IT1_IRQHandler
                0x08006080                DMA1_Channel3_IRQHandler
                0x08006080                ADC4_IRQHandler
                0x08006080                WWDG_IRQHandler
                0x08006080                I2C4_EV_IRQHandler
                0x08006080                FDCAN2_IT0_IRQHandler
                0x08006080                LPUART1_IRQHandler
                0x08006080                DMA2_Channel6_IRQHandler
                0x08006080                FDCAN1_IT0_IRQHandler
                0x08006080                COMP7_IRQHandler
                0x08006080                COMP1_2_3_IRQHandler
                0x08006080                EXTI1_IRQHandler
                0x08006080                USART2_IRQHandler
                0x08006080                COMP4_5_6_IRQHandler
                0x08006080                I2C2_ER_IRQHandler
                0x08006080                DMA1_Channel2_IRQHandler
                0x08006080                TIM8_BRK_IRQHandler
                0x08006080                FLASH_IRQHandler
                0x08006080                USART1_IRQHandler
                0x08006080                SPI3_IRQHandler
                0x08006080                I2C1_ER_IRQHandler
                0x08006080                FMC_IRQHandler
                0x08006080                LPTIM1_IRQHandler
                0x08006080                DMAMUX_OVR_IRQHandler
                0x08006080                I2C4_ER_IRQHandler
                0x08006080                USBWakeUp_IRQHandler
                0x08006080                SAI1_IRQHandler
                0x08006080                DMA2_Channel3_IRQHandler
 *fill*         0x08006082        0x2 
 .text.__libc_init_array
                0x08006084       0x48 /home/yml/mondrian/arm-gnu-toolchain-13.2.Rel1-x86_64-arm-none-eabi/bin/../lib/gcc/arm-none-eabi/13.2.1/../../../../arm-none-eabi/lib/thumb/v7e-m+fp/hard/libc_nano.a(libc_a-init.o)
                0x08006084                __libc_init_array
 .text.printf   0x080060cc       0x24 /home/yml/mondrian/arm-gnu-toolchain-13.2.Rel1-x86_64-arm-none-eabi/bin/../lib/gcc/arm-none-eabi/13.2.1/../../../../arm-none-eabi/lib/thumb/v7e-m+fp/hard/libc_nano.a(libc_a-printf.o)
                0x080060cc                printf
                0x080060cc                iprintf
 .text.__sfputc_r
                0x080060f0       0x2e /home/yml/mondrian/arm-gnu-toolchain-13.2.Rel1-x86_64-arm-none-eabi/bin/../lib/gcc/arm-none-eabi/13.2.1/../../../../arm-none-eabi/lib/thumb/v7e-m+fp/hard/libc_nano.a(libc_a-nano-vfprintf.o)
 .text.__sfputs_r
                0x0800611e       0x24 /home/yml/mondrian/arm-gnu-toolchain-13.2.Rel1-x86_64-arm-none-eabi/bin/../lib/gcc/arm-none-eabi/13.2.1/../../../../arm-none-eabi/lib/thumb/v7e-m+fp/hard/libc_nano.a(libc_a-nano-vfprintf.o)
                0x0800611e                __sfputs_r
 *fill*         0x08006142        0x2 
 .text._vfprintf_r
                0x08006144      0x230 /home/yml/mondrian/arm-gnu-toolchain-13.2.Rel1-x86_64-arm-none-eabi/bin/../lib/gcc/arm-none-eabi/13.2.1/../../../../arm-none-eabi/lib/thumb/v7e-m+fp/hard/libc_nano.a(libc_a-nano-vfprintf.o)
                0x08006144                _vfiprintf_r
                0x08006144                _vfprintf_r
 .text.__swbuf_r
                0x08006374       0x7c /home/yml/mondrian/arm-gnu-toolchain-13.2.Rel1-x86_64-arm-none-eabi/bin/../lib/gcc/arm-none-eabi/13.2.1/../../../../arm-none-eabi/lib/thumb/v7e-m+fp/hard/libc_nano.a(libc_a-wbuf.o)
                0x08006374                __swbuf_r
 .text.__swsetup_r
                0x080063f0       0xac /home/yml/mondrian/arm-gnu-toolchain-13.2.Rel1-x86_64-arm-none-eabi/bin/../lib/gcc/arm-none-eabi/13.2.1/../../../../arm-none-eabi/lib/thumb/v7e-m+fp/hard/libc_nano.a(libc_a-wsetup.o)
                0x080063f0                __swsetup_r
 .text._printf_common
                0x0800649c       0xda /home/yml/mondrian/arm-gnu-toolchain-13.2.Rel1-x86_64-arm-none-eabi/bin/../lib/gcc/arm-none-eabi/13.2.1/../../../../arm-none-eabi/lib/thumb/v7e-m+fp/hard/libc_nano.a(libc_a-nano-vfprintf_i.o)
                0x0800649c                _printf_common
 *fill*         0x08006576        0x2 
 .text._printf_i
                0x08006578      0x23c /home/yml/mondrian/arm-gnu-toolchain-13.2.Rel1-x86_64-arm-none-eabi/bin/../lib/gcc/arm-none-eabi/13.2.1/../../../../arm-none-eabi/lib/thumb/v7e-m+fp/hard/libc_nano.a(libc_a-nano-vfprintf_i.o)
                0x08006578                _printf_i
 .text.__sflush_r
                0x080067b4      0x108 /home/yml/mondrian/arm-gnu-toolchain-13.2.Rel1-x86_64-arm-none-eabi/bin/../lib/gcc/arm-none-eabi/13.2.1/../../../../arm-none-eabi/lib/thumb/v7e-m+fp/hard/libc_nano.a(libc_a-fflush.o)
                0x080067b4                __sflush_r
 .text._fflush_r
                0x080068bc       0x50 /home/yml/mondrian/arm-gnu-toolchain-13.2.Rel1-x86_64-arm-none-eabi/bin/../lib/gcc/arm-none-eabi/13.2.1/../../../../arm-none-eabi/lib/thumb/v7e-m+fp/hard/libc_nano.a(libc_a-fflush.o)
                0x080068bc                _fflush_r
 .text.std      0x0800690c       0x6c /home/yml/mondrian/arm-gnu-toolchain-13.2.Rel1-x86_64-arm-none-eabi/bin/../lib/gcc/arm-none-eabi/13.2.1/../../../../arm-none-eabi/lib/thumb/v7e-m+fp/hard/libc_nano.a(libc_a-findfp.o)
 .text.stdio_exit_handler
                0x08006978       0x18 /home/yml/mondrian/arm-gnu-toolchain-13.2.Rel1-x86_64-arm-none-eabi/bin/../lib/gcc/arm-none-eabi/13.2.1/../../../../arm-none-eabi/lib/thumb/v7e-m+fp/hard/libc_nano.a(libc_a-findfp.o)
 .text.cleanup_stdio
                0x08006990       0x40 /home/yml/mondrian/arm-gnu-toolchain-13.2.Rel1-x86_64-arm-none-eabi/bin/../lib/gcc/arm-none-eabi/13.2.1/../../../../arm-none-eabi/lib/thumb/v7e-m+fp/hard/libc_nano.a(libc_a-findfp.o)
 .text.global_stdio_init.part.0
                0x080069d0       0x3c /home/yml/mondrian/arm-gnu-toolchain-13.2.Rel1-x86_64-arm-none-eabi/bin/../lib/gcc/arm-none-eabi/13.2.1/../../../../arm-none-eabi/lib/thumb/v7e-m+fp/hard/libc_nano.a(libc_a-findfp.o)
 .text.__sfp_lock_acquire
                0x08006a0c        0xc /home/yml/mondrian/arm-gnu-toolchain-13.2.Rel1-x86_64-arm-none-eabi/bin/../lib/gcc/arm-none-eabi/13.2.1/../../../../arm-none-eabi/lib/thumb/v7e-m+fp/hard/libc_nano.a(libc_a-findfp.o)
                0x08006a0c                __sfp_lock_acquire
 .text.__sfp_lock_release
                0x08006a18        0xc /home/yml/mondrian/arm-gnu-toolchain-13.2.Rel1-x86_64-arm-none-eabi/bin/../lib/gcc/arm-none-eabi/13.2.1/../../../../arm-none-eabi/lib/thumb/v7e-m+fp/hard/libc_nano.a(libc_a-findfp.o)
                0x08006a18                __sfp_lock_release
 .text.__sinit  0x08006a24       0x30 /home/yml/mondrian/arm-gnu-toolchain-13.2.Rel1-x86_64-arm-none-eabi/bin/../lib/gcc/arm-none-eabi/13.2.1/../../../../arm-none-eabi/lib/thumb/v7e-m+fp/hard/libc_nano.a(libc_a-findfp.o)
                0x08006a24                __sinit
 .text.__sread  0x08006a54       0x22 /home/yml/mondrian/arm-gnu-toolchain-13.2.Rel1-x86_64-arm-none-eabi/bin/../lib/gcc/arm-none-eabi/13.2.1/../../../../arm-none-eabi/lib/thumb/v7e-m+fp/hard/libc_nano.a(libc_a-stdio.o)
                0x08006a54                __sread
 .text.__swrite
                0x08006a76       0x38 /home/yml/mondrian/arm-gnu-toolchain-13.2.Rel1-x86_64-arm-none-eabi/bin/../lib/gcc/arm-none-eabi/13.2.1/../../../../arm-none-eabi/lib/thumb/v7e-m+fp/hard/libc_nano.a(libc_a-stdio.o)
                0x08006a76                __swrite
 .text.__sseek  0x08006aae       0x24 /home/yml/mondrian/arm-gnu-toolchain-13.2.Rel1-x86_64-arm-none-eabi/bin/../lib/gcc/arm-none-eabi/13.2.1/../../../../arm-none-eabi/lib/thumb/v7e-m+fp/hard/libc_nano.a(libc_a-stdio.o)
                0x08006aae                __sseek
 .text.__sclose
                0x08006ad2        0x8 /home/yml/mondrian/arm-gnu-toolchain-13.2.Rel1-x86_64-arm-none-eabi/bin/../lib/gcc/arm-none-eabi/13.2.1/../../../../arm-none-eabi/lib/thumb/v7e-m+fp/hard/libc_nano.a(libc_a-stdio.o)
                0x08006ad2                __sclose
 *fill*         0x08006ada        0x2 
 .text._read_r  0x08006adc       0x24 /home/yml/mondrian/arm-gnu-toolchain-13.2.Rel1-x86_64-arm-none-eabi/bin/../lib/gcc/arm-none-eabi/13.2.1/../../../../arm-none-eabi/lib/thumb/v7e-m+fp/hard/libc_nano.a(libc_a-readr.o)
                0x08006adc                _read_r
 .text._write_r
                0x08006b00       0x24 /home/yml/mondrian/arm-gnu-toolchain-13.2.Rel1-x86_64-arm-none-eabi/bin/../lib/gcc/arm-none-eabi/13.2.1/../../../../arm-none-eabi/lib/thumb/v7e-m+fp/hard/libc_nano.a(libc_a-writer.o)
                0x08006b00                _write_r
 .text.__errno  0x08006b24        0xc /home/yml/mondrian/arm-gnu-toolchain-13.2.Rel1-x86_64-arm-none-eabi/bin/../lib/gcc/arm-none-eabi/13.2.1/../../../../arm-none-eabi/lib/thumb/v7e-m+fp/hard/libc_nano.a(libc_a-errno.o)
                0x08006b24                __errno
 .text._fwalk_sglue
                0x08006b30       0x3c /home/yml/mondrian/arm-gnu-toolchain-13.2.Rel1-x86_64-arm-none-eabi/bin/../lib/gcc/arm-none-eabi/13.2.1/../../../../arm-none-eabi/lib/thumb/v7e-m+fp/hard/libc_nano.a(libc_a-fwalk.o)
                0x08006b30                _fwalk_sglue
 .text.memset   0x08006b6c       0x10 /home/yml/mondrian/arm-gnu-toolchain-13.2.Rel1-x86_64-arm-none-eabi/bin/../lib/gcc/arm-none-eabi/13.2.1/../../../../arm-none-eabi/lib/thumb/v7e-m+fp/hard/libc_nano.a(libc_a-memset.o)
                0x08006b6c                memset
 .text._free_r  0x08006b7c       0x94 /home/yml/mondrian/arm-gnu-toolchain-13.2.Rel1-x86_64-arm-none-eabi/bin/../lib/gcc/arm-none-eabi/13.2.1/../../../../arm-none-eabi/lib/thumb/v7e-m+fp/hard/libc_nano.a(libc_a-freer.o)
                0x08006b7c                _free_r
 .text.__retarget_lock_init_recursive
                0x08006c10        0x2 /home/yml/mondrian/arm-gnu-toolchain-13.2.Rel1-x86_64-arm-none-eabi/bin/../lib/gcc/arm-none-eabi/13.2.1/../../../../arm-none-eabi/lib/thumb/v7e-m+fp/hard/libc_nano.a(libc_a-lock.o)
                0x08006c10                __retarget_lock_init_recursive
 .text.__retarget_lock_acquire_recursive
                0x08006c12        0x2 /home/yml/mondrian/arm-gnu-toolchain-13.2.Rel1-x86_64-arm-none-eabi/bin/../lib/gcc/arm-none-eabi/13.2.1/../../../../arm-none-eabi/lib/thumb/v7e-m+fp/hard/libc_nano.a(libc_a-lock.o)
                0x08006c12                __retarget_lock_acquire_recursive
 .text.__retarget_lock_release_recursive
                0x08006c14        0x2 /home/yml/mondrian/arm-gnu-toolchain-13.2.Rel1-x86_64-arm-none-eabi/bin/../lib/gcc/arm-none-eabi/13.2.1/../../../../arm-none-eabi/lib/thumb/v7e-m+fp/hard/libc_nano.a(libc_a-lock.o)
                0x08006c14                __retarget_lock_release_recursive
 .text.__swhatbuf_r
                0x08006c16       0x4c /home/yml/mondrian/arm-gnu-toolchain-13.2.Rel1-x86_64-arm-none-eabi/bin/../lib/gcc/arm-none-eabi/13.2.1/../../../../arm-none-eabi/lib/thumb/v7e-m+fp/hard/libc_nano.a(libc_a-makebuf.o)
                0x08006c16                __swhatbuf_r
 .text.__smakebuf_r
                0x08006c62       0x78 /home/yml/mondrian/arm-gnu-toolchain-13.2.Rel1-x86_64-arm-none-eabi/bin/../lib/gcc/arm-none-eabi/13.2.1/../../../../arm-none-eabi/lib/thumb/v7e-m+fp/hard/libc_nano.a(libc_a-makebuf.o)
                0x08006c62                __smakebuf_r
 *fill*         0x08006cda        0x2 
 .text._close_r
                0x08006cdc       0x20 /home/yml/mondrian/arm-gnu-toolchain-13.2.Rel1-x86_64-arm-none-eabi/bin/../lib/gcc/arm-none-eabi/13.2.1/../../../../arm-none-eabi/lib/thumb/v7e-m+fp/hard/libc_nano.a(libc_a-closer.o)
                0x08006cdc                _close_r
 .text.sbrk_aligned
                0x08006cfc       0x44 /home/yml/mondrian/arm-gnu-toolchain-13.2.Rel1-x86_64-arm-none-eabi/bin/../lib/gcc/arm-none-eabi/13.2.1/../../../../arm-none-eabi/lib/thumb/v7e-m+fp/hard/libc_nano.a(libc_a-mallocr.o)
 .text._malloc_r
                0x08006d40      0x100 /home/yml/mondrian/arm-gnu-toolchain-13.2.Rel1-x86_64-arm-none-eabi/bin/../lib/gcc/arm-none-eabi/13.2.1/../../../../arm-none-eabi/lib/thumb/v7e-m+fp/hard/libc_nano.a(libc_a-mallocr.o)
                0x08006d40                _malloc_r
 .text._fstat_r
                0x08006e40       0x24 /home/yml/mondrian/arm-gnu-toolchain-13.2.Rel1-x86_64-arm-none-eabi/bin/../lib/gcc/arm-none-eabi/13.2.1/../../../../arm-none-eabi/lib/thumb/v7e-m+fp/hard/libc_nano.a(libc_a-fstatr.o)
                0x08006e40                _fstat_r
 .text._isatty_r
                0x08006e64       0x20 /home/yml/mondrian/arm-gnu-toolchain-13.2.Rel1-x86_64-arm-none-eabi/bin/../lib/gcc/arm-none-eabi/13.2.1/../../../../arm-none-eabi/lib/thumb/v7e-m+fp/hard/libc_nano.a(libc_a-isattyr.o)
                0x08006e64                _isatty_r
 .text._lseek_r
                0x08006e84       0x24 /home/yml/mondrian/arm-gnu-toolchain-13.2.Rel1-x86_64-arm-none-eabi/bin/../lib/gcc/arm-none-eabi/13.2.1/../../../../arm-none-eabi/lib/thumb/v7e-m+fp/hard/libc_nano.a(libc_a-lseekr.o)
                0x08006e84                _lseek_r
 .text.__malloc_lock
                0x08006ea8        0xc /home/yml/mondrian/arm-gnu-toolchain-13.2.Rel1-x86_64-arm-none-eabi/bin/../lib/gcc/arm-none-eabi/13.2.1/../../../../arm-none-eabi/lib/thumb/v7e-m+fp/hard/libc_nano.a(libc_a-mlock.o)
                0x08006ea8                __malloc_lock
 .text.__malloc_unlock
                0x08006eb4        0xc /home/yml/mondrian/arm-gnu-toolchain-13.2.Rel1-x86_64-arm-none-eabi/bin/../lib/gcc/arm-none-eabi/13.2.1/../../../../arm-none-eabi/lib/thumb/v7e-m+fp/hard/libc_nano.a(libc_a-mlock.o)
                0x08006eb4                __malloc_unlock
 .text._sbrk_r  0x08006ec0       0x20 /home/yml/mondrian/arm-gnu-toolchain-13.2.Rel1-x86_64-arm-none-eabi/bin/../lib/gcc/arm-none-eabi/13.2.1/../../../../arm-none-eabi/lib/thumb/v7e-m+fp/hard/libc_nano.a(libc_a-sbrkr.o)
                0x08006ec0                _sbrk_r
 .text.asin     0x08006ee0       0x68 /home/yml/mondrian/arm-gnu-toolchain-13.2.Rel1-x86_64-arm-none-eabi/bin/../lib/gcc/arm-none-eabi/13.2.1/../../../../arm-none-eabi/lib/thumb/v7e-m+fp/hard/libm.a(libm_a-w_asin.o)
                0x08006ee0                asin
 .text.atan2    0x08006f48        0x4 /home/yml/mondrian/arm-gnu-toolchain-13.2.Rel1-x86_64-arm-none-eabi/bin/../lib/gcc/arm-none-eabi/13.2.1/../../../../arm-none-eabi/lib/thumb/v7e-m+fp/hard/libm.a(libm_a-w_atan2.o)
                0x08006f48                atan2
 .text.sqrt     0x08006f4c       0x68 /home/yml/mondrian/arm-gnu-toolchain-13.2.Rel1-x86_64-arm-none-eabi/bin/../lib/gcc/arm-none-eabi/13.2.1/../../../../arm-none-eabi/lib/thumb/v7e-m+fp/hard/libm.a(libm_a-w_sqrt.o)
                0x08006f4c                sqrt
 .text.fabs     0x08006fb4       0x10 /home/yml/mondrian/arm-gnu-toolchain-13.2.Rel1-x86_64-arm-none-eabi/bin/../lib/gcc/arm-none-eabi/13.2.1/../../../../arm-none-eabi/lib/thumb/v7e-m+fp/hard/libm.a(libm_a-s_fabs.o)
                0x08006fb4                fabs
 *fill*         0x08006fc4        0x4 
 .text.__ieee754_asin
                0x08006fc8      0x484 /home/yml/mondrian/arm-gnu-toolchain-13.2.Rel1-x86_64-arm-none-eabi/bin/../lib/gcc/arm-none-eabi/13.2.1/../../../../arm-none-eabi/lib/thumb/v7e-m+fp/hard/libm.a(libm_a-e_asin.o)
                0x08006fc8                __ieee754_asin
 *fill*         0x0800744c        0x4 
 .text.__ieee754_atan2
                0x08007450      0x1ac /home/yml/mondrian/arm-gnu-toolchain-13.2.Rel1-x86_64-arm-none-eabi/bin/../lib/gcc/arm-none-eabi/13.2.1/../../../../arm-none-eabi/lib/thumb/v7e-m+fp/hard/libm.a(libm_a-e_atan2.o)
                0x08007450                __ieee754_atan2
 .text.__ieee754_sqrt
                0x080075fc      0x1f4 /home/yml/mondrian/arm-gnu-toolchain-13.2.Rel1-x86_64-arm-none-eabi/bin/../lib/gcc/arm-none-eabi/13.2.1/../../../../arm-none-eabi/lib/thumb/v7e-m+fp/hard/libm.a(libm_a-e_sqrt.o)
                0x080075fc                __ieee754_sqrt
 .text.nan      0x080077f0       0x10 /home/yml/mondrian/arm-gnu-toolchain-13.2.Rel1-x86_64-arm-none-eabi/bin/../lib/gcc/arm-none-eabi/13.2.1/../../../../arm-none-eabi/lib/thumb/v7e-m+fp/hard/libm.a(libm_a-s_nan.o)
                0x080077f0                nan
 .text.atan     0x08007800      0x350 /home/yml/mondrian/arm-gnu-toolchain-13.2.Rel1-x86_64-arm-none-eabi/bin/../lib/gcc/arm-none-eabi/13.2.1/../../../../arm-none-eabi/lib/thumb/v7e-m+fp/hard/libm.a(libm_a-s_atan.o)
                0x08007800                atan
 *(.glue_7)
 .glue_7        0x08007b50        0x0 linker stubs
 *(.glue_7t)
 .glue_7t       0x08007b50        0x0 linker stubs
 *(.eh_frame)
 .eh_frame      0x08007b50        0x0 /home/yml/mondrian/arm-gnu-toolchain-13.2.Rel1-x86_64-arm-none-eabi/bin/../lib/gcc/arm-none-eabi/13.2.1/thumb/v7e-m+fp/hard/crtbegin.o
 *(.init)
 .init          0x08007b50        0x4 /home/yml/mondrian/arm-gnu-toolchain-13.2.Rel1-x86_64-arm-none-eabi/bin/../lib/gcc/arm-none-eabi/13.2.1/thumb/v7e-m+fp/hard/crti.o
                0x08007b50                _init
 .init          0x08007b54        0x8 /home/yml/mondrian/arm-gnu-toolchain-13.2.Rel1-x86_64-arm-none-eabi/bin/../lib/gcc/arm-none-eabi/13.2.1/thumb/v7e-m+fp/hard/crtn.o
 *(.fini)
 .fini          0x08007b5c        0x4 /home/yml/mondrian/arm-gnu-toolchain-13.2.Rel1-x86_64-arm-none-eabi/bin/../lib/gcc/arm-none-eabi/13.2.1/thumb/v7e-m+fp/hard/crti.o
                0x08007b5c                _fini
 .fini          0x08007b60        0x8 /home/yml/mondrian/arm-gnu-toolchain-13.2.Rel1-x86_64-arm-none-eabi/bin/../lib/gcc/arm-none-eabi/13.2.1/thumb/v7e-m+fp/hard/crtn.o
                0x08007b68                        . = ALIGN (0x4)
                0x08007b68                        _etext = .

.vfp11_veneer   0x08007b68        0x0
 .vfp11_veneer  0x08007b68        0x0 linker stubs

.v4_bx          0x08007b68        0x0
 .v4_bx         0x08007b68        0x0 linker stubs

.iplt           0x08007b68        0x0
 .iplt          0x08007b68        0x0 /home/yml/mondrian/arm-gnu-toolchain-13.2.Rel1-x86_64-arm-none-eabi/bin/../lib/gcc/arm-none-eabi/13.2.1/thumb/v7e-m+fp/hard/crtbegin.o

.rodata         0x08007b68      0x180
                0x08007b68                        . = ALIGN (0x4)
 *(.rodata)
 .rodata        0x08007b68       0x54 build/robot.o
 .rodata        0x08007bbc       0x1c build/app_freertos.o
 *(.rodata*)
 .rodata.MPU_Init.str1.4
                0x08007bd8       0x41 build/mpu6050.o
                                 0x12 (size before relaxing)
 .rodata.str1.4
                0x08007c19       0x20 build/robot.o
 .rodata.str1.4
                0x08007c19        0x8 build/app_freertos.o
 *fill*         0x08007c19        0x3 
 .rodata.APBPrescTable
                0x08007c1c        0x8 build/system_stm32g4xx.o
                0x08007c1c                APBPrescTable
 .rodata.AHBPrescTable
                0x08007c24       0x10 build/system_stm32g4xx.o
                0x08007c24                AHBPrescTable
 .rodata.vTaskStartScheduler.str1.4
                0x08007c34        0x5 build/tasks.o
 .rodata._vfprintf_r.str1.1
                0x08007c34       0x33 /home/yml/mondrian/arm-gnu-toolchain-13.2.Rel1-x86_64-arm-none-eabi/bin/../lib/gcc/arm-none-eabi/13.2.1/../../../../arm-none-eabi/lib/thumb/v7e-m+fp/hard/libc_nano.a(libc_a-nano-vfprintf.o)
                                 0x11 (size before relaxing)
 .rodata._printf_i.str1.1
                0x08007c67       0x22 /home/yml/mondrian/arm-gnu-toolchain-13.2.Rel1-x86_64-arm-none-eabi/bin/../lib/gcc/arm-none-eabi/13.2.1/../../../../arm-none-eabi/lib/thumb/v7e-m+fp/hard/libc_nano.a(libc_a-nano-vfprintf_i.o)
 .rodata.asin.str1.4
                0x08007c67        0x1 /home/yml/mondrian/arm-gnu-toolchain-13.2.Rel1-x86_64-arm-none-eabi/bin/../lib/gcc/arm-none-eabi/13.2.1/../../../../arm-none-eabi/lib/thumb/v7e-m+fp/hard/libm.a(libm_a-w_asin.o)
 *fill*         0x08007c67        0x1 
 .rodata.CSWTCH.9
                0x08007c68       0x18 /home/yml/mondrian/arm-gnu-toolchain-13.2.Rel1-x86_64-arm-none-eabi/bin/../lib/gcc/arm-none-eabi/13.2.1/../../../../arm-none-eabi/lib/thumb/v7e-m+fp/hard/libm.a(libm_a-e_atan2.o)
 .rodata.CSWTCH.8
                0x08007c80       0x18 /home/yml/mondrian/arm-gnu-toolchain-13.2.Rel1-x86_64-arm-none-eabi/bin/../lib/gcc/arm-none-eabi/13.2.1/../../../../arm-none-eabi/lib/thumb/v7e-m+fp/hard/libm.a(libm_a-e_atan2.o)
 .rodata.tiny   0x08007c98        0x8 /home/yml/mondrian/arm-gnu-toolchain-13.2.Rel1-x86_64-arm-none-eabi/bin/../lib/gcc/arm-none-eabi/13.2.1/../../../../arm-none-eabi/lib/thumb/v7e-m+fp/hard/libm.a(libm_a-e_sqrt.o)
 .rodata.one    0x08007ca0        0x8 /home/yml/mondrian/arm-gnu-toolchain-13.2.Rel1-x86_64-arm-none-eabi/bin/../lib/gcc/arm-none-eabi/13.2.1/../../../../arm-none-eabi/lib/thumb/v7e-m+fp/hard/libm.a(libm_a-e_sqrt.o)
 .rodata.atanlo
                0x08007ca8       0x20 /home/yml/mondrian/arm-gnu-toolchain-13.2.Rel1-x86_64-arm-none-eabi/bin/../lib/gcc/arm-none-eabi/13.2.1/../../../../arm-none-eabi/lib/thumb/v7e-m+fp/hard/libm.a(libm_a-s_atan.o)
 .rodata.atanhi
                0x08007cc8       0x20 /home/yml/mondrian/arm-gnu-toolchain-13.2.Rel1-x86_64-arm-none-eabi/bin/../lib/gcc/arm-none-eabi/13.2.1/../../../../arm-none-eabi/lib/thumb/v7e-m+fp/hard/libm.a(libm_a-s_atan.o)
                0x08007ce8                        . = ALIGN (0x4)

.ARM.extab
 *(.ARM.extab* .gnu.linkonce.armextab.*)

.ARM            0x08007ce8        0x8
                0x08007ce8                        __exidx_start = .
 *(.ARM.exidx*)
 .ARM.exidx     0x08007ce8        0x8 /home/yml/mondrian/arm-gnu-toolchain-13.2.Rel1-x86_64-arm-none-eabi/bin/../lib/gcc/arm-none-eabi/13.2.1/../../../../arm-none-eabi/lib/thumb/v7e-m+fp/hard/libc_nano.a(libc_a-memchr.o)
                0x08007cf0                        __exidx_end = .

.rel.dyn        0x08007cf0        0x0
 .rel.iplt      0x08007cf0        0x0 /home/yml/mondrian/arm-gnu-toolchain-13.2.Rel1-x86_64-arm-none-eabi/bin/../lib/gcc/arm-none-eabi/13.2.1/thumb/v7e-m+fp/hard/crtbegin.o

.preinit_array  0x08007cf0        0x0
                0x08007cf0                        PROVIDE (__preinit_array_start = .)
 *(.preinit_array*)
                0x08007cf0                        PROVIDE (__preinit_array_end = .)

.init_array     0x08007cf0        0x4
                0x08007cf0                        PROVIDE (__init_array_start = .)
 *(SORT_BY_NAME(.init_array.*))
 *(.init_array*)
 .init_array    0x08007cf0        0x4 /home/yml/mondrian/arm-gnu-toolchain-13.2.Rel1-x86_64-arm-none-eabi/bin/../lib/gcc/arm-none-eabi/13.2.1/thumb/v7e-m+fp/hard/crtbegin.o
                0x08007cf4                        PROVIDE (__init_array_end = .)

.fini_array     0x08007cf4        0x4
                [!provide]                        PROVIDE (__fini_array_start = .)
 *(SORT_BY_NAME(.fini_array.*))
 *(.fini_array*)
 .fini_array    0x08007cf4        0x4 /home/yml/mondrian/arm-gnu-toolchain-13.2.Rel1-x86_64-arm-none-eabi/bin/../lib/gcc/arm-none-eabi/13.2.1/thumb/v7e-m+fp/hard/crtbegin.o
                [!provide]                        PROVIDE (__fini_array_end = .)
                0x08007cf8                        _sidata = LOADADDR (.data)

.data           0x20000000       0xcc load address 0x08007cf8
                0x20000000                        . = ALIGN (0x4)
                0x20000000                        _sdata = .
 *(.data)
 *(.data*)
 .data.NumQ     0x20000000       0x10 build/imu.o
                0x20000000                NumQ
 .data.EKF.1    0x20000010       0x48 build/mpu6050.o
 .data.alpha    0x20000058        0x4 build/robot.o
                0x20000058                alpha
 .data.LEFT_Speed
                0x2000005c        0x4 build/robot.o
                0x2000005c                LEFT_Speed
 .data.uwTickFreq
                0x20000060        0x4 build/stm32g4xx_hal.o
                0x20000060                uwTickFreq
 .data.uwTickPrio
                0x20000064        0x4 build/stm32g4xx_hal.o
                0x20000064                uwTickPrio
 .data.SystemCoreClock
                0x20000068        0x4 build/system_stm32g4xx.o
                0x20000068                SystemCoreClock
 .data.uxCriticalNesting
                0x2000006c        0x4 build/port.o
 .data._impure_ptr
                0x20000070        0x4 /home/yml/mondrian/arm-gnu-toolchain-13.2.Rel1-x86_64-arm-none-eabi/bin/../lib/gcc/arm-none-eabi/13.2.1/../../../../arm-none-eabi/lib/thumb/v7e-m+fp/hard/libc_nano.a(libc_a-impure.o)
                0x20000070                _impure_ptr
 .data._impure_data
                0x20000074       0x4c /home/yml/mondrian/arm-gnu-toolchain-13.2.Rel1-x86_64-arm-none-eabi/bin/../lib/gcc/arm-none-eabi/13.2.1/../../../../arm-none-eabi/lib/thumb/v7e-m+fp/hard/libc_nano.a(libc_a-impure.o)
                0x20000074                _impure_data
 .data.__sglue  0x200000c0        0xc /home/yml/mondrian/arm-gnu-toolchain-13.2.Rel1-x86_64-arm-none-eabi/bin/../lib/gcc/arm-none-eabi/13.2.1/../../../../arm-none-eabi/lib/thumb/v7e-m+fp/hard/libc_nano.a(libc_a-findfp.o)
                0x200000c0                __sglue
                0x200000cc                        . = ALIGN (0x4)
                0x200000cc                        _edata = .

.tm_clone_table
                0x200000cc        0x0 load address 0x08007dc4
 .tm_clone_table
                0x200000cc        0x0 /home/yml/mondrian/arm-gnu-toolchain-13.2.Rel1-x86_64-arm-none-eabi/bin/../lib/gcc/arm-none-eabi/13.2.1/thumb/v7e-m+fp/hard/crtbegin.o
 .tm_clone_table
                0x200000cc        0x0 /home/yml/mondrian/arm-gnu-toolchain-13.2.Rel1-x86_64-arm-none-eabi/bin/../lib/gcc/arm-none-eabi/13.2.1/thumb/v7e-m+fp/hard/crtend.o

.igot.plt       0x200000cc        0x0 load address 0x08007dc4
 .igot.plt      0x200000cc        0x0 /home/yml/mondrian/arm-gnu-toolchain-13.2.Rel1-x86_64-arm-none-eabi/bin/../lib/gcc/arm-none-eabi/13.2.1/thumb/v7e-m+fp/hard/crtbegin.o
                0x200000cc                        . = ALIGN (0x4)

.bss            0x200000cc     0x16e8 load address 0x08007dc4
                0x200000cc                        _sbss = .
                0x200000cc                        __bss_start__ = _sbss
 *(.bss)
 *(.bss*)
 .bss.completed.1
                0x200000cc        0x1 /home/yml/mondrian/arm-gnu-toolchain-13.2.Rel1-x86_64-arm-none-eabi/bin/../lib/gcc/arm-none-eabi/13.2.1/thumb/v7e-m+fp/hard/crtbegin.o
 *fill*         0x200000cd        0x3 
 .bss.object.0  0x200000d0       0x18 /home/yml/mondrian/arm-gnu-toolchain-13.2.Rel1-x86_64-arm-none-eabi/bin/../lib/gcc/arm-none-eabi/13.2.1/thumb/v7e-m+fp/hard/crtbegin.o
 .bss.rightMotor
                0x200000e8       0x88 build/motor.o
                0x200000e8                rightMotor
 .bss.rightMidMotor
                0x20000170       0x88 build/motor.o
                0x20000170                rightMidMotor
 .bss.leftMidMotor
                0x200001f8       0x88 build/motor.o
                0x200001f8                leftMidMotor
 .bss.leftMotor
                0x20000280       0x88 build/motor.o
                0x20000280                leftMotor
 .bss.GyroIntegError
                0x20000308        0xc build/imu.o
                0x20000308                GyroIntegError
 .bss.NormAcc   0x20000314        0x4 build/imu.o
 .bss.Angle     0x20000318        0xc build/init.o
                0x20000318                Angle
 .bss.MPU6050   0x20000324        0xc build/init.o
                0x20000324                MPU6050
 .bss.tBuff.0   0x20000330        0xc build/mpu6050.o
 .bss.MpuOffset
                0x2000033c        0xc build/mpu6050.o
                0x2000033c                MpuOffset
 .bss.last_filter
                0x20000348        0x4 build/robot.o
                0x20000348                last_filter
 .bss.state_test
                0x2000034c        0x4 build/robot.o
                0x2000034c                state_test
 .bss.cw_test   0x20000350        0x4 build/robot.o
                0x20000350                cw_test
 .bss.chassisTaskHandle
                0x20000354        0x4 build/robot.o
                0x20000354                chassisTaskHandle
 .bss.gimbalTaskHandle
                0x20000358        0x4 build/robot.o
                0x20000358                gimbalTaskHandle
 .bss.imuTaskHandle
                0x2000035c        0x4 build/robot.o
                0x2000035c                imuTaskHandle
 .bss.xIdleStack
                0x20000360      0x200 build/app_freertos.o
 .bss.xIdleTaskTCBBuffer
                0x20000560       0x54 build/app_freertos.o
 .bss.cmdTaskHandle
                0x200005b4        0x4 build/app_freertos.o
                0x200005b4                cmdTaskHandle
 .bss.htim20    0x200005b8       0x4c build/tim.o
                0x200005b8                htim20
 .bss.htim17    0x20000604       0x4c build/tim.o
                0x20000604                htim17
 .bss.htim15    0x20000650       0x4c build/tim.o
                0x20000650                htim15
 .bss.htim6     0x2000069c       0x4c build/tim.o
                0x2000069c                htim6
 .bss.htim4     0x200006e8       0x4c build/tim.o
                0x200006e8                htim4
 .bss.htim3     0x20000734       0x4c build/tim.o
                0x20000734                htim3
 .bss.htim2     0x20000780       0x4c build/tim.o
                0x20000780                htim2
 .bss.htim1     0x200007cc       0x4c build/tim.o
                0x200007cc                htim1
 .bss.htim16    0x20000818       0x4c build/stm32g4xx_hal_timebase_tim.o
                0x20000818                htim16
 .bss.uwTick    0x20000864        0x4 build/stm32g4xx_hal.o
                0x20000864                uwTick
 .bss.uxSchedulerSuspended
                0x20000868        0x4 build/tasks.o
 .bss.xIdleTaskHandle
                0x2000086c        0x4 build/tasks.o
 .bss.xNextTaskUnblockTime
                0x20000870        0x4 build/tasks.o
 .bss.uxTaskNumber
                0x20000874        0x4 build/tasks.o
 .bss.xNumOfOverflows
                0x20000878        0x4 build/tasks.o
 .bss.xYieldPending
                0x2000087c        0x4 build/tasks.o
 .bss.xPendedTicks
                0x20000880        0x4 build/tasks.o
 .bss.xSchedulerRunning
                0x20000884        0x4 build/tasks.o
 .bss.uxTopReadyPriority
                0x20000888        0x4 build/tasks.o
 .bss.xTickCount
                0x2000088c        0x4 build/tasks.o
 .bss.uxCurrentNumberOfTasks
                0x20000890        0x4 build/tasks.o
 .bss.xSuspendedTaskList
                0x20000894       0x14 build/tasks.o
 .bss.uxDeletedTasksWaitingCleanUp
                0x200008a8        0x4 build/tasks.o
 .bss.xTasksWaitingTermination
                0x200008ac       0x14 build/tasks.o
 .bss.xPendingReadyList
                0x200008c0       0x14 build/tasks.o
 .bss.pxOverflowDelayedTaskList
                0x200008d4        0x4 build/tasks.o
 .bss.pxDelayedTaskList
                0x200008d8        0x4 build/tasks.o
 .bss.xDelayedTaskList2
                0x200008dc       0x14 build/tasks.o
 .bss.xDelayedTaskList1
                0x200008f0       0x14 build/tasks.o
 .bss.pxReadyTasksLists
                0x20000904       0x8c build/tasks.o
 .bss.pxCurrentTCB
                0x20000990        0x4 build/tasks.o
                0x20000990                pxCurrentTCB
 .bss.xBlockAllocatedBit
                0x20000994        0x4 build/heap_4.o
 .bss.xNumberOfSuccessfulFrees
                0x20000998        0x4 build/heap_4.o
 .bss.xNumberOfSuccessfulAllocations
                0x2000099c        0x4 build/heap_4.o
 .bss.xMinimumEverFreeBytesRemaining
                0x200009a0        0x4 build/heap_4.o
 .bss.xFreeBytesRemaining
                0x200009a4        0x4 build/heap_4.o
 .bss.pxEnd     0x200009a8        0x4 build/heap_4.o
 .bss.xStart    0x200009ac        0x8 build/heap_4.o
 .bss.ucHeap    0x200009b4      0xc00 build/heap_4.o
 .bss.ulMaxPRIGROUPValue
                0x200015b4        0x4 build/port.o
 .bss.ucMaxSysCallPriority
                0x200015b8        0x1 build/port.o
 *fill*         0x200015b9        0x3 
 .bss.__sbrk_heap_end
                0x200015bc        0x4 build/sysmem.o
 .bss.hi2c2     0x200015c0       0x54 build/i2c.o
                0x200015c0                hi2c2
 .bss.hi2c1     0x20001614       0x54 build/i2c.o
                0x20001614                hi2c1
 .bss.__sf      0x20001668      0x138 /home/yml/mondrian/arm-gnu-toolchain-13.2.Rel1-x86_64-arm-none-eabi/bin/../lib/gcc/arm-none-eabi/13.2.1/../../../../arm-none-eabi/lib/thumb/v7e-m+fp/hard/libc_nano.a(libc_a-findfp.o)
                0x20001668                __sf
 .bss.__stdio_exit_handler
                0x200017a0        0x4 /home/yml/mondrian/arm-gnu-toolchain-13.2.Rel1-x86_64-arm-none-eabi/bin/../lib/gcc/arm-none-eabi/13.2.1/../../../../arm-none-eabi/lib/thumb/v7e-m+fp/hard/libc_nano.a(libc_a-findfp.o)
                0x200017a0                __stdio_exit_handler
 .bss.__lock___malloc_recursive_mutex
                0x200017a4        0x1 /home/yml/mondrian/arm-gnu-toolchain-13.2.Rel1-x86_64-arm-none-eabi/bin/../lib/gcc/arm-none-eabi/13.2.1/../../../../arm-none-eabi/lib/thumb/v7e-m+fp/hard/libc_nano.a(libc_a-lock.o)
                0x200017a4                __lock___malloc_recursive_mutex
 .bss.__lock___sfp_recursive_mutex
                0x200017a5        0x1 /home/yml/mondrian/arm-gnu-toolchain-13.2.Rel1-x86_64-arm-none-eabi/bin/../lib/gcc/arm-none-eabi/13.2.1/../../../../arm-none-eabi/lib/thumb/v7e-m+fp/hard/libc_nano.a(libc_a-lock.o)
                0x200017a5                __lock___sfp_recursive_mutex
 *fill*         0x200017a6        0x2 
 .bss.errno     0x200017a8        0x4 /home/yml/mondrian/arm-gnu-toolchain-13.2.Rel1-x86_64-arm-none-eabi/bin/../lib/gcc/arm-none-eabi/13.2.1/../../../../arm-none-eabi/lib/thumb/v7e-m+fp/hard/libc_nano.a(libc_a-reent.o)
                0x200017a8                errno
 .bss.__malloc_sbrk_start
                0x200017ac        0x4 /home/yml/mondrian/arm-gnu-toolchain-13.2.Rel1-x86_64-arm-none-eabi/bin/../lib/gcc/arm-none-eabi/13.2.1/../../../../arm-none-eabi/lib/thumb/v7e-m+fp/hard/libc_nano.a(libc_a-mallocr.o)
                0x200017ac                __malloc_sbrk_start
 .bss.__malloc_free_list
                0x200017b0        0x4 /home/yml/mondrian/arm-gnu-toolchain-13.2.Rel1-x86_64-arm-none-eabi/bin/../lib/gcc/arm-none-eabi/13.2.1/../../../../arm-none-eabi/lib/thumb/v7e-m+fp/hard/libc_nano.a(libc_a-mallocr.o)
                0x200017b0                __malloc_free_list
 *(COMMON)
                0x200017b4                        . = ALIGN (0x4)
                0x200017b4                        _ebss = .
                0x200017b4                        __bss_end__ = _ebss

._user_heap_stack
                0x200017b4      0x604 load address 0x08007dc4
                0x200017b8                        . = ALIGN (0x8)
 *fill*         0x200017b4        0x4 
                [!provide]                        PROVIDE (end = .)
                0x200017b8                        PROVIDE (_end = .)
                0x200019b8                        . = (. + _Min_Heap_Size)
 *fill*         0x200017b8      0x200 
                0x20001db8                        . = (. + _Min_Stack_Size)
 *fill*         0x200019b8      0x400 
                0x20001db8                        . = ALIGN (0x8)

/DISCARD/
 libc.a(*)
 libm.a(*)
 libgcc.a(*)

.ARM.attributes
                0x00000000       0x30
 *(.ARM.attributes)
 .ARM.attributes
                0x00000000       0x22 /home/yml/mondrian/arm-gnu-toolchain-13.2.Rel1-x86_64-arm-none-eabi/bin/../lib/gcc/arm-none-eabi/13.2.1/thumb/v7e-m+fp/hard/crti.o
 .ARM.attributes
                0x00000022       0x34 /home/yml/mondrian/arm-gnu-toolchain-13.2.Rel1-x86_64-arm-none-eabi/bin/../lib/gcc/arm-none-eabi/13.2.1/thumb/v7e-m+fp/hard/crtbegin.o
 .ARM.attributes
                0x00000056       0x34 build/motor.o
 .ARM.attributes
                0x0000008a       0x34 build/encoder.o
 .ARM.attributes
                0x000000be       0x34 build/imu.o
 .ARM.attributes
                0x000000f2       0x34 build/init.o
 .ARM.attributes
                0x00000126       0x34 build/mpu6050.o
 .ARM.attributes
                0x0000015a       0x34 build/kalman.o
 .ARM.attributes
                0x0000018e       0x34 build/pid.o
 .ARM.attributes
                0x000001c2       0x34 build/oled.o
 .ARM.attributes
                0x000001f6       0x34 build/robot.o
 .ARM.attributes
                0x0000022a       0x34 build/main.o
 .ARM.attributes
                0x0000025e       0x34 build/gpio.o
 .ARM.attributes
                0x00000292       0x34 build/app_freertos.o
 .ARM.attributes
                0x000002c6       0x34 build/tim.o
 .ARM.attributes
                0x000002fa       0x34 build/stm32g4xx_it.o
 .ARM.attributes
                0x0000032e       0x34 build/stm32g4xx_hal_msp.o
 .ARM.attributes
                0x00000362       0x34 build/stm32g4xx_hal_timebase_tim.o
 .ARM.attributes
                0x00000396       0x34 build/stm32g4xx_hal.o
 .ARM.attributes
                0x000003ca       0x34 build/stm32g4xx_hal_rcc.o
 .ARM.attributes
                0x000003fe       0x34 build/stm32g4xx_hal_rcc_ex.o
 .ARM.attributes
                0x00000432       0x34 build/stm32g4xx_hal_gpio.o
 .ARM.attributes
                0x00000466       0x34 build/stm32g4xx_hal_pwr_ex.o
 .ARM.attributes
                0x0000049a       0x34 build/stm32g4xx_hal_cortex.o
 .ARM.attributes
                0x000004ce       0x34 build/stm32g4xx_hal_tim.o
 .ARM.attributes
                0x00000502       0x34 build/stm32g4xx_hal_tim_ex.o
 .ARM.attributes
                0x00000536       0x34 build/system_stm32g4xx.o
 .ARM.attributes
                0x0000056a       0x34 build/list.o
 .ARM.attributes
                0x0000059e       0x34 build/tasks.o
 .ARM.attributes
                0x000005d2       0x34 build/cmsis_os.o
 .ARM.attributes
                0x00000606       0x34 build/heap_4.o
 .ARM.attributes
                0x0000063a       0x34 build/port.o
 .ARM.attributes
                0x0000066e       0x34 build/sysmem.o
 .ARM.attributes
                0x000006a2       0x34 build/syscalls.o
 .ARM.attributes
                0x000006d6       0x34 build/i2c.o
 .ARM.attributes
                0x0000070a       0x34 build/stm32g4xx_hal_i2c.o
 .ARM.attributes
                0x0000073e       0x34 build/stm32g4xx_hal_i2c_ex.o
 .ARM.attributes
                0x00000772       0x21 build/startup_stm32g474xx.o
 .ARM.attributes
                0x00000793       0x34 /home/yml/mondrian/arm-gnu-toolchain-13.2.Rel1-x86_64-arm-none-eabi/bin/../lib/gcc/arm-none-eabi/13.2.1/../../../../arm-none-eabi/lib/thumb/v7e-m+fp/hard/libc_nano.a(libc_a-init.o)
 .ARM.attributes
                0x000007c7       0x34 /home/yml/mondrian/arm-gnu-toolchain-13.2.Rel1-x86_64-arm-none-eabi/bin/../lib/gcc/arm-none-eabi/13.2.1/../../../../arm-none-eabi/lib/thumb/v7e-m+fp/hard/libc_nano.a(libc_a-printf.o)
 .ARM.attributes
                0x000007fb       0x34 /home/yml/mondrian/arm-gnu-toolchain-13.2.Rel1-x86_64-arm-none-eabi/bin/../lib/gcc/arm-none-eabi/13.2.1/../../../../arm-none-eabi/lib/thumb/v7e-m+fp/hard/libc_nano.a(libc_a-nano-vfprintf.o)
 .ARM.attributes
                0x0000082f       0x34 /home/yml/mondrian/arm-gnu-toolchain-13.2.Rel1-x86_64-arm-none-eabi/bin/../lib/gcc/arm-none-eabi/13.2.1/../../../../arm-none-eabi/lib/thumb/v7e-m+fp/hard/libc_nano.a(libc_a-wbuf.o)
 .ARM.attributes
                0x00000863       0x34 /home/yml/mondrian/arm-gnu-toolchain-13.2.Rel1-x86_64-arm-none-eabi/bin/../lib/gcc/arm-none-eabi/13.2.1/../../../../arm-none-eabi/lib/thumb/v7e-m+fp/hard/libc_nano.a(libc_a-wsetup.o)
 .ARM.attributes
                0x00000897       0x34 /home/yml/mondrian/arm-gnu-toolchain-13.2.Rel1-x86_64-arm-none-eabi/bin/../lib/gcc/arm-none-eabi/13.2.1/../../../../arm-none-eabi/lib/thumb/v7e-m+fp/hard/libc_nano.a(libc_a-nano-vfprintf_i.o)
 .ARM.attributes
                0x000008cb       0x34 /home/yml/mondrian/arm-gnu-toolchain-13.2.Rel1-x86_64-arm-none-eabi/bin/../lib/gcc/arm-none-eabi/13.2.1/../../../../arm-none-eabi/lib/thumb/v7e-m+fp/hard/libc_nano.a(libc_a-impure.o)
 .ARM.attributes
                0x000008ff       0x34 /home/yml/mondrian/arm-gnu-toolchain-13.2.Rel1-x86_64-arm-none-eabi/bin/../lib/gcc/arm-none-eabi/13.2.1/../../../../arm-none-eabi/lib/thumb/v7e-m+fp/hard/libc_nano.a(libc_a-fflush.o)
 .ARM.attributes
                0x00000933       0x1c /home/yml/mondrian/arm-gnu-toolchain-13.2.Rel1-x86_64-arm-none-eabi/bin/../lib/gcc/arm-none-eabi/13.2.1/../../../../arm-none-eabi/lib/thumb/v7e-m+fp/hard/libc_nano.a(libc_a-memchr.o)
 .ARM.attributes
                0x0000094f       0x34 /home/yml/mondrian/arm-gnu-toolchain-13.2.Rel1-x86_64-arm-none-eabi/bin/../lib/gcc/arm-none-eabi/13.2.1/../../../../arm-none-eabi/lib/thumb/v7e-m+fp/hard/libc_nano.a(libc_a-findfp.o)
 .ARM.attributes
                0x00000983       0x34 /home/yml/mondrian/arm-gnu-toolchain-13.2.Rel1-x86_64-arm-none-eabi/bin/../lib/gcc/arm-none-eabi/13.2.1/../../../../arm-none-eabi/lib/thumb/v7e-m+fp/hard/libc_nano.a(libc_a-stdio.o)
 .ARM.attributes
                0x000009b7       0x34 /home/yml/mondrian/arm-gnu-toolchain-13.2.Rel1-x86_64-arm-none-eabi/bin/../lib/gcc/arm-none-eabi/13.2.1/../../../../arm-none-eabi/lib/thumb/v7e-m+fp/hard/libc_nano.a(libc_a-readr.o)
 .ARM.attributes
                0x000009eb       0x34 /home/yml/mondrian/arm-gnu-toolchain-13.2.Rel1-x86_64-arm-none-eabi/bin/../lib/gcc/arm-none-eabi/13.2.1/../../../../arm-none-eabi/lib/thumb/v7e-m+fp/hard/libc_nano.a(libc_a-writer.o)
 .ARM.attributes
                0x00000a1f       0x34 /home/yml/mondrian/arm-gnu-toolchain-13.2.Rel1-x86_64-arm-none-eabi/bin/../lib/gcc/arm-none-eabi/13.2.1/../../../../arm-none-eabi/lib/thumb/v7e-m+fp/hard/libc_nano.a(libc_a-errno.o)
 .ARM.attributes
                0x00000a53       0x34 /home/yml/mondrian/arm-gnu-toolchain-13.2.Rel1-x86_64-arm-none-eabi/bin/../lib/gcc/arm-none-eabi/13.2.1/../../../../arm-none-eabi/lib/thumb/v7e-m+fp/hard/libc_nano.a(libc_a-fwalk.o)
 .ARM.attributes
                0x00000a87       0x34 /home/yml/mondrian/arm-gnu-toolchain-13.2.Rel1-x86_64-arm-none-eabi/bin/../lib/gcc/arm-none-eabi/13.2.1/../../../../arm-none-eabi/lib/thumb/v7e-m+fp/hard/libc_nano.a(libc_a-memset.o)
 .ARM.attributes
                0x00000abb       0x34 /home/yml/mondrian/arm-gnu-toolchain-13.2.Rel1-x86_64-arm-none-eabi/bin/../lib/gcc/arm-none-eabi/13.2.1/../../../../arm-none-eabi/lib/thumb/v7e-m+fp/hard/libc_nano.a(libc_a-freer.o)
 .ARM.attributes
                0x00000aef       0x34 /home/yml/mondrian/arm-gnu-toolchain-13.2.Rel1-x86_64-arm-none-eabi/bin/../lib/gcc/arm-none-eabi/13.2.1/../../../../arm-none-eabi/lib/thumb/v7e-m+fp/hard/libc_nano.a(libc_a-lock.o)
 .ARM.attributes
                0x00000b23       0x34 /home/yml/mondrian/arm-gnu-toolchain-13.2.Rel1-x86_64-arm-none-eabi/bin/../lib/gcc/arm-none-eabi/13.2.1/../../../../arm-none-eabi/lib/thumb/v7e-m+fp/hard/libc_nano.a(libc_a-makebuf.o)
 .ARM.attributes
                0x00000b57       0x34 /home/yml/mondrian/arm-gnu-toolchain-13.2.Rel1-x86_64-arm-none-eabi/bin/../lib/gcc/arm-none-eabi/13.2.1/../../../../arm-none-eabi/lib/thumb/v7e-m+fp/hard/libc_nano.a(libc_a-closer.o)
 .ARM.attributes
                0x00000b8b       0x34 /home/yml/mondrian/arm-gnu-toolchain-13.2.Rel1-x86_64-arm-none-eabi/bin/../lib/gcc/arm-none-eabi/13.2.1/../../../../arm-none-eabi/lib/thumb/v7e-m+fp/hard/libc_nano.a(libc_a-reent.o)
 .ARM.attributes
                0x00000bbf       0x34 /home/yml/mondrian/arm-gnu-toolchain-13.2.Rel1-x86_64-arm-none-eabi/bin/../lib/gcc/arm-none-eabi/13.2.1/../../../../arm-none-eabi/lib/thumb/v7e-m+fp/hard/libc_nano.a(libc_a-mallocr.o)
 .ARM.attributes
                0x00000bf3       0x34 /home/yml/mondrian/arm-gnu-toolchain-13.2.Rel1-x86_64-arm-none-eabi/bin/../lib/gcc/arm-none-eabi/13.2.1/../../../../arm-none-eabi/lib/thumb/v7e-m+fp/hard/libc_nano.a(libc_a-fstatr.o)
 .ARM.attributes
                0x00000c27       0x34 /home/yml/mondrian/arm-gnu-toolchain-13.2.Rel1-x86_64-arm-none-eabi/bin/../lib/gcc/arm-none-eabi/13.2.1/../../../../arm-none-eabi/lib/thumb/v7e-m+fp/hard/libc_nano.a(libc_a-isattyr.o)
 .ARM.attributes
                0x00000c5b       0x34 /home/yml/mondrian/arm-gnu-toolchain-13.2.Rel1-x86_64-arm-none-eabi/bin/../lib/gcc/arm-none-eabi/13.2.1/../../../../arm-none-eabi/lib/thumb/v7e-m+fp/hard/libc_nano.a(libc_a-lseekr.o)
 .ARM.attributes
                0x00000c8f       0x34 /home/yml/mondrian/arm-gnu-toolchain-13.2.Rel1-x86_64-arm-none-eabi/bin/../lib/gcc/arm-none-eabi/13.2.1/../../../../arm-none-eabi/lib/thumb/v7e-m+fp/hard/libc_nano.a(libc_a-mlock.o)
 .ARM.attributes
                0x00000cc3       0x34 /home/yml/mondrian/arm-gnu-toolchain-13.2.Rel1-x86_64-arm-none-eabi/bin/../lib/gcc/arm-none-eabi/13.2.1/../../../../arm-none-eabi/lib/thumb/v7e-m+fp/hard/libc_nano.a(libc_a-sbrkr.o)
 .ARM.attributes
                0x00000cf7       0x34 /home/yml/mondrian/arm-gnu-toolchain-13.2.Rel1-x86_64-arm-none-eabi/bin/../lib/gcc/arm-none-eabi/13.2.1/../../../../arm-none-eabi/lib/thumb/v7e-m+fp/hard/libm.a(libm_a-w_asin.o)
 .ARM.attributes
                0x00000d2b       0x34 /home/yml/mondrian/arm-gnu-toolchain-13.2.Rel1-x86_64-arm-none-eabi/bin/../lib/gcc/arm-none-eabi/13.2.1/../../../../arm-none-eabi/lib/thumb/v7e-m+fp/hard/libm.a(libm_a-w_atan2.o)
 .ARM.attributes
                0x00000d5f       0x34 /home/yml/mondrian/arm-gnu-toolchain-13.2.Rel1-x86_64-arm-none-eabi/bin/../lib/gcc/arm-none-eabi/13.2.1/../../../../arm-none-eabi/lib/thumb/v7e-m+fp/hard/libm.a(libm_a-w_sqrt.o)
 .ARM.attributes
                0x00000d93       0x34 /home/yml/mondrian/arm-gnu-toolchain-13.2.Rel1-x86_64-arm-none-eabi/bin/../lib/gcc/arm-none-eabi/13.2.1/../../../../arm-none-eabi/lib/thumb/v7e-m+fp/hard/libm.a(libm_a-s_fabs.o)
 .ARM.attributes
                0x00000dc7       0x34 /home/yml/mondrian/arm-gnu-toolchain-13.2.Rel1-x86_64-arm-none-eabi/bin/../lib/gcc/arm-none-eabi/13.2.1/../../../../arm-none-eabi/lib/thumb/v7e-m+fp/hard/libm.a(libm_a-e_asin.o)
 .ARM.attributes
                0x00000dfb       0x34 /home/yml/mondrian/arm-gnu-toolchain-13.2.Rel1-x86_64-arm-none-eabi/bin/../lib/gcc/arm-none-eabi/13.2.1/../../../../arm-none-eabi/lib/thumb/v7e-m+fp/hard/libm.a(libm_a-e_atan2.o)
 .ARM.attributes
                0x00000e2f       0x34 /home/yml/mondrian/arm-gnu-toolchain-13.2.Rel1-x86_64-arm-none-eabi/bin/../lib/gcc/arm-none-eabi/13.2.1/../../../../arm-none-eabi/lib/thumb/v7e-m+fp/hard/libm.a(libm_a-e_sqrt.o)
 .ARM.attributes
                0x00000e63       0x34 /home/yml/mondrian/arm-gnu-toolchain-13.2.Rel1-x86_64-arm-none-eabi/bin/../lib/gcc/arm-none-eabi/13.2.1/../../../../arm-none-eabi/lib/thumb/v7e-m+fp/hard/libm.a(libm_a-s_nan.o)
 .ARM.attributes
                0x00000e97       0x34 /home/yml/mondrian/arm-gnu-toolchain-13.2.Rel1-x86_64-arm-none-eabi/bin/../lib/gcc/arm-none-eabi/13.2.1/../../../../arm-none-eabi/lib/thumb/v7e-m+fp/hard/libm.a(libm_a-s_atan.o)
 .ARM.attributes
                0x00000ecb       0x22 /home/yml/mondrian/arm-gnu-toolchain-13.2.Rel1-x86_64-arm-none-eabi/bin/../lib/gcc/arm-none-eabi/13.2.1/thumb/v7e-m+fp/hard/libgcc.a(_arm_addsubdf3.o)
 .ARM.attributes
                0x00000eed       0x22 /home/yml/mondrian/arm-gnu-toolchain-13.2.Rel1-x86_64-arm-none-eabi/bin/../lib/gcc/arm-none-eabi/13.2.1/thumb/v7e-m+fp/hard/libgcc.a(_arm_muldivdf3.o)
 .ARM.attributes
                0x00000f0f       0x22 /home/yml/mondrian/arm-gnu-toolchain-13.2.Rel1-x86_64-arm-none-eabi/bin/../lib/gcc/arm-none-eabi/13.2.1/thumb/v7e-m+fp/hard/libgcc.a(_arm_cmpdf2.o)
 .ARM.attributes
                0x00000f31       0x22 /home/yml/mondrian/arm-gnu-toolchain-13.2.Rel1-x86_64-arm-none-eabi/bin/../lib/gcc/arm-none-eabi/13.2.1/thumb/v7e-m+fp/hard/libgcc.a(_arm_unorddf2.o)
 .ARM.attributes
                0x00000f53       0x22 /home/yml/mondrian/arm-gnu-toolchain-13.2.Rel1-x86_64-arm-none-eabi/bin/../lib/gcc/arm-none-eabi/13.2.1/thumb/v7e-m+fp/hard/libgcc.a(_arm_truncdfsf2.o)
 .ARM.attributes
                0x00000f75       0x34 /home/yml/mondrian/arm-gnu-toolchain-13.2.Rel1-x86_64-arm-none-eabi/bin/../lib/gcc/arm-none-eabi/13.2.1/thumb/v7e-m+fp/hard/crtend.o
 .ARM.attributes
                0x00000fa9       0x22 /home/yml/mondrian/arm-gnu-toolchain-13.2.Rel1-x86_64-arm-none-eabi/bin/../lib/gcc/arm-none-eabi/13.2.1/thumb/v7e-m+fp/hard/crtn.o
OUTPUT(build/Coaxial_MC.elf elf32-littlearm)
LOAD linker stubs
LOAD /home/yml/mondrian/arm-gnu-toolchain-13.2.Rel1-x86_64-arm-none-eabi/bin/../lib/gcc/arm-none-eabi/13.2.1/../../../../arm-none-eabi/lib/thumb/v7e-m+fp/hard/libc.a
LOAD /home/yml/mondrian/arm-gnu-toolchain-13.2.Rel1-x86_64-arm-none-eabi/bin/../lib/gcc/arm-none-eabi/13.2.1/../../../../arm-none-eabi/lib/thumb/v7e-m+fp/hard/libm.a
LOAD /home/yml/mondrian/arm-gnu-toolchain-13.2.Rel1-x86_64-arm-none-eabi/bin/../lib/gcc/arm-none-eabi/13.2.1/thumb/v7e-m+fp/hard/libgcc.a

.debug_info     0x00000000    0x25d89
 .debug_info    0x00000000     0x1279 build/motor.o
 .debug_info    0x00001279      0xa44 build/encoder.o
 .debug_info    0x00001cbd      0x520 build/imu.o
 .debug_info    0x000021dd      0x471 build/init.o
 .debug_info    0x0000264e     0x137f build/mpu6050.o
 .debug_info    0x000039cd       0xd7 build/kalman.o
 .debug_info    0x00003aa4      0x265 build/pid.o
 .debug_info    0x00003d09     0x11bd build/oled.o
 .debug_info    0x00004ec6     0x151e build/robot.o
 .debug_info    0x000063e4      0xde7 build/main.o
 .debug_info    0x000071cb      0x631 build/gpio.o
 .debug_info    0x000077fc      0x64c build/app_freertos.o
 .debug_info    0x00007e48     0x237f build/tim.o
 .debug_info    0x0000a1c7      0xaff build/stm32g4xx_it.o
 .debug_info    0x0000acc6      0x687 build/stm32g4xx_hal_msp.o
 .debug_info    0x0000b34d     0x1089 build/stm32g4xx_hal_timebase_tim.o
 .debug_info    0x0000c3d6      0xdc9 build/stm32g4xx_hal.o
 .debug_info    0x0000d19f     0x106b build/stm32g4xx_hal_rcc.o
 .debug_info    0x0000e20a     0x10b9 build/stm32g4xx_hal_rcc_ex.o
 .debug_info    0x0000f2c3      0x92d build/stm32g4xx_hal_gpio.o
 .debug_info    0x0000fbf0      0xb1d build/stm32g4xx_hal_pwr_ex.o
 .debug_info    0x0001070d     0x11f1 build/stm32g4xx_hal_cortex.o
 .debug_info    0x000118fe     0x449e build/stm32g4xx_hal_tim.o
 .debug_info    0x00015d9c     0x28a3 build/stm32g4xx_hal_tim_ex.o
 .debug_info    0x0001863f      0x649 build/system_stm32g4xx.o
 .debug_info    0x00018c88      0x30f build/list.o
 .debug_info    0x00018f97     0x2b24 build/tasks.o
 .debug_info    0x0001babb     0x271d build/cmsis_os.o
 .debug_info    0x0001e1d8      0x60c build/heap_4.o
 .debug_info    0x0001e7e4      0x5c2 build/port.o
 .debug_info    0x0001eda6      0x18c build/sysmem.o
 .debug_info    0x0001ef32      0x848 build/syscalls.o
 .debug_info    0x0001f77a     0x1178 build/i2c.o
 .debug_info    0x000208f2     0x47c1 build/stm32g4xx_hal_i2c.o
 .debug_info    0x000250b3      0xca6 build/stm32g4xx_hal_i2c_ex.o
 .debug_info    0x00025d59       0x30 build/startup_stm32g474xx.o

.debug_abbrev   0x00000000     0x4c1e
 .debug_abbrev  0x00000000      0x21a build/motor.o
 .debug_abbrev  0x0000021a      0x1bd build/encoder.o
 .debug_abbrev  0x000003d7      0x1c9 build/imu.o
 .debug_abbrev  0x000005a0       0xdb build/init.o
 .debug_abbrev  0x0000067b      0x2aa build/mpu6050.o
 .debug_abbrev  0x00000925       0x9e build/kalman.o
 .debug_abbrev  0x000009c3      0x140 build/pid.o
 .debug_abbrev  0x00000b03      0x221 build/oled.o
 .debug_abbrev  0x00000d24      0x2cb build/robot.o
 .debug_abbrev  0x00000fef      0x292 build/main.o
 .debug_abbrev  0x00001281      0x160 build/gpio.o
 .debug_abbrev  0x000013e1      0x1d9 build/app_freertos.o
 .debug_abbrev  0x000015ba      0x25f build/tim.o
 .debug_abbrev  0x00001819      0x1a8 build/stm32g4xx_it.o
 .debug_abbrev  0x000019c1      0x130 build/stm32g4xx_hal_msp.o
 .debug_abbrev  0x00001af1      0x23c build/stm32g4xx_hal_timebase_tim.o
 .debug_abbrev  0x00001d2d      0x298 build/stm32g4xx_hal.o
 .debug_abbrev  0x00001fc5      0x2de build/stm32g4xx_hal_rcc.o
 .debug_abbrev  0x000022a3      0x290 build/stm32g4xx_hal_rcc_ex.o
 .debug_abbrev  0x00002533      0x222 build/stm32g4xx_hal_gpio.o
 .debug_abbrev  0x00002755      0x263 build/stm32g4xx_hal_pwr_ex.o
 .debug_abbrev  0x000029b8      0x3ca build/stm32g4xx_hal_cortex.o
 .debug_abbrev  0x00002d82      0x2cc build/stm32g4xx_hal_tim.o
 .debug_abbrev  0x0000304e      0x2db build/stm32g4xx_hal_tim_ex.o
 .debug_abbrev  0x00003329      0x11b build/system_stm32g4xx.o
 .debug_abbrev  0x00003444      0x124 build/list.o
 .debug_abbrev  0x00003568      0x3dd build/tasks.o
 .debug_abbrev  0x00003945      0x40a build/cmsis_os.o
 .debug_abbrev  0x00003d4f      0x27a build/heap_4.o
 .debug_abbrev  0x00003fc9      0x2af build/port.o
 .debug_abbrev  0x00004278       0xeb build/sysmem.o
 .debug_abbrev  0x00004363      0x1e3 build/syscalls.o
 .debug_abbrev  0x00004546      0x222 build/i2c.o
 .debug_abbrev  0x00004768      0x2e4 build/stm32g4xx_hal_i2c.o
 .debug_abbrev  0x00004a4c      0x1b5 build/stm32g4xx_hal_i2c_ex.o
 .debug_abbrev  0x00004c01       0x1d build/startup_stm32g474xx.o

.debug_loc      0x00000000    0x1b637
 .debug_loc     0x00000000      0x266 build/motor.o
 .debug_loc     0x00000266       0x5a build/encoder.o
 .debug_loc     0x000002c0      0x1b5 build/imu.o
 .debug_loc     0x00000475       0x2c build/init.o
 .debug_loc     0x000004a1      0x714 build/mpu6050.o
 .debug_loc     0x00000bb5       0x28 build/kalman.o
 .debug_loc     0x00000bdd      0x12a build/pid.o
 .debug_loc     0x00000d07      0xa6e build/oled.o
 .debug_loc     0x00001775      0x17a build/robot.o
 .debug_loc     0x000018ef       0xd4 build/main.o
 .debug_loc     0x000019c3       0x39 build/gpio.o
 .debug_loc     0x000019fc       0x83 build/app_freertos.o
 .debug_loc     0x00001a7f      0x735 build/tim.o
 .debug_loc     0x000021b4      0x120 build/stm32g4xx_it.o
 .debug_loc     0x000022d4       0x38 build/stm32g4xx_hal_msp.o
 .debug_loc     0x0000230c      0x120 build/stm32g4xx_hal_timebase_tim.o
 .debug_loc     0x0000242c      0x2cd build/stm32g4xx_hal.o
 .debug_loc     0x000026f9      0x9db build/stm32g4xx_hal_rcc.o
 .debug_loc     0x000030d4     0x1896 build/stm32g4xx_hal_rcc_ex.o
 .debug_loc     0x0000496a      0x499 build/stm32g4xx_hal_gpio.o
 .debug_loc     0x00004e03      0xa27 build/stm32g4xx_hal_pwr_ex.o
 .debug_loc     0x0000582a      0x8f1 build/stm32g4xx_hal_cortex.o
 .debug_loc     0x0000611b     0x68cb build/stm32g4xx_hal_tim.o
 .debug_loc     0x0000c9e6     0x35a4 build/stm32g4xx_hal_tim_ex.o
 .debug_loc     0x0000ff8a       0x9d build/system_stm32g4xx.o
 .debug_loc     0x00010027       0xeb build/list.o
 .debug_loc     0x00010112     0x23a9 build/tasks.o
 .debug_loc     0x000124bb     0x1bc6 build/cmsis_os.o
 .debug_loc     0x00014081      0x51c build/heap_4.o
 .debug_loc     0x0001459d      0x1c6 build/port.o
 .debug_loc     0x00014763       0x90 build/sysmem.o
 .debug_loc     0x000147f3      0x583 build/syscalls.o
 .debug_loc     0x00014d76      0x1a2 build/i2c.o
 .debug_loc     0x00014f18     0x64dc build/stm32g4xx_hal_i2c.o
 .debug_loc     0x0001b3f4      0x243 build/stm32g4xx_hal_i2c_ex.o

.debug_aranges  0x00000000     0x1850
 .debug_aranges
                0x00000000       0x38 build/motor.o
 .debug_aranges
                0x00000038       0x28 build/encoder.o
 .debug_aranges
                0x00000060       0x28 build/imu.o
 .debug_aranges
                0x00000088       0x28 build/init.o
 .debug_aranges
                0x000000b0       0x80 build/mpu6050.o
 .debug_aranges
                0x00000130       0x20 build/kalman.o
 .debug_aranges
                0x00000150       0x30 build/pid.o
 .debug_aranges
                0x00000180       0x78 build/oled.o
 .debug_aranges
                0x000001f8       0x58 build/robot.o
 .debug_aranges
                0x00000250       0x38 build/main.o
 .debug_aranges
                0x00000288       0x20 build/gpio.o
 .debug_aranges
                0x000002a8       0x30 build/app_freertos.o
 .debug_aranges
                0x000002d8       0x90 build/tim.o
 .debug_aranges
                0x00000368       0x90 build/stm32g4xx_it.o
 .debug_aranges
                0x000003f8       0x20 build/stm32g4xx_hal_msp.o
 .debug_aranges
                0x00000418       0x30 build/stm32g4xx_hal_timebase_tim.o
 .debug_aranges
                0x00000448      0x148 build/stm32g4xx_hal.o
 .debug_aranges
                0x00000590       0x98 build/stm32g4xx_hal_rcc.o
 .debug_aranges
                0x00000628       0xb0 build/stm32g4xx_hal_rcc_ex.o
 .debug_aranges
                0x000006d8       0x58 build/stm32g4xx_hal_gpio.o
 .debug_aranges
                0x00000730      0x140 build/stm32g4xx_hal_pwr_ex.o
 .debug_aranges
                0x00000870       0xe0 build/stm32g4xx_hal_cortex.o
 .debug_aranges
                0x00000950      0x3e0 build/stm32g4xx_hal_tim.o
 .debug_aranges
                0x00000d30      0x240 build/stm32g4xx_hal_tim_ex.o
 .debug_aranges
                0x00000f70       0x28 build/system_stm32g4xx.o
 .debug_aranges
                0x00000f98       0x40 build/list.o
 .debug_aranges
                0x00000fd8      0x1b8 build/tasks.o
 .debug_aranges
                0x00001190      0x1d8 build/cmsis_os.o
 .debug_aranges
                0x00001368       0x58 build/heap_4.o
 .debug_aranges
                0x000013c0       0x80 build/port.o
 .debug_aranges